#
# A fatal error has been detected by the Java Runtime Environment:
#
#  EXCEPTION_ACCESS_VIOLATION (0xc0000005) at pc=0x00007ffa51dab731, pid=7436, tid=15120
#
# JRE version: OpenJDK Runtime Environment Temurin-24.0.2+12 (24.0.2+12) (build 24.0.2+12)
# Java VM: OpenJDK 64-Bit Server VM Temurin-24.0.2+12 (24.0.2+12, mixed mode, sharing, tiered, compressed oops, compressed class ptrs, g1 gc, windows-amd64)
# Problematic frame:
# C  [awt.dll+0xdb731]
#
# No core dump will be written. Minidumps are not enabled by default on client versions of Windows
#
# If you would like to submit a bug report, please visit:
#   https://github.com/adoptium/adoptium-support/issues
# The crash happened outside the Java Virtual Machine in native code.
# See problematic frame for where to report the bug.
#

---------------  S U M M A R Y ------------

Command Line: -javaagent:C:\Program Files\JetBrains\IntelliJ IDEA Community Edition 2025.1.1.1\lib\idea_rt.jar=59925 -Dfile.encoding=UTF-8 -Dsun.stdout.encoding=UTF-8 -Dsun.stderr.encoding=UTF-8 Main

Host: 13th Gen Intel(R) Core(TM) i7-1355U, 12 cores, 15G,  Windows 11 , 64 bit Build 26100 (10.0.26100.8328)
Time: Fri Jul 31 04:55:47 2026 Arabian Standard Time elapsed time: 574.474011 seconds (0d 0h 9m 34s)

---------------  T H R E A D  ---------------

Current thread (0x000001e05476e3a0):  JavaThread "AWT-Windows" daemon [_thread_in_native, id=15120, stack(0x000000a638800000,0x000000a638900000) (1024K)]

Stack: [0x000000a638800000,0x000000a638900000],  sp=0x000000a6388fe4b0,  free space=1017k
Native frames: (J=compiled Java code, j=interpreted, Vv=VM code, C=native code)
C  [awt.dll+0xdb731]  (no source info available)
C  [awt.dll+0x976ec]  (no source info available)
C  [awt.dll+0x97796]  (no source info available)
C  [awt.dll+0x94b68]  (no source info available)
C  [awt.dll+0xdfb9c]  (no source info available)
C  [awt.dll+0xb0b9d]  (no source info available)
C  [awt.dll+0x97ccd]  (no source info available)
C  [USER32.dll+0xc396]  (no source info available)
C  [USER32.dll+0xbe5c]  (no source info available)
C  [awt.dll+0x16253]  (no source info available)
C  [COMCTL32.dll+0x2ced8]  (no source info available)
C  [COMCTL32.dll+0x2ccaf]  (no source info available)
C  [USER32.dll+0xc396]  (no source info available)
C  [USER32.dll+0xbe5c]  (no source info available)
C  [flatlaf-windows-x86_64-148068375227000.dll+0x1814]  (no source info available)
C  [flatlaf-windows-x86_64-148068375227000.dll+0x1489]  (no source info available)
C  [USER32.dll+0xc396]  (no source info available)
C  [USER32.dll+0xa7ed]  (no source info available)
C  [awt.dll+0xd4d8e]  (no source info available)
C  [awt.dll+0xd6b72]  (no source info available)
C  0x000001e00753ce20  (no source info available)

The last pc belongs to native method entry point (kind = native) (printed below).
Java frames: (J=compiled Java code, j=interpreted, Vv=VM code)
j  sun.awt.windows.WToolkit.eventLoop()V+0 java.desktop@24.0.2
j  sun.awt.windows.WToolkit.run()V+56 java.desktop@24.0.2
j  java.lang.Thread.runWith(Ljava/lang/Object;Ljava/lang/Runnable;)V+5 java.base@24.0.2
j  java.lang.Thread.run()V+19 java.base@24.0.2
v  ~StubRoutines::call_stub 0x000001e007530fcd

siginfo: EXCEPTION_ACCESS_VIOLATION (0xc0000005), reading address 0x0000000000000008


Registers:
RAX=0x0000000000000000, RBX=0x000001e0557d14d0, RCX=0x0000000000000000, RDX=0x0000000000000000
RSP=0x000000a6388fe4b0, RBP=0x000000a6388fe5b9, RSI=0x0000000008011009, RDI=0x0000000000000000
R8 =0x0000000000000001, R9 =0x000000a636c36000, R10=0x0000000000000000, R11=0x0000000000000246
R12=0x0000000000000000, R13=0x0000000000000310, R14=0x0000000000000000, R15=0x0000000000000000
RIP=0x00007ffa51dab731, EFLAGS=0x0000000000010246

XMM[0]=0x0000000000000000 0x0000000000000000
XMM[1]=0x0000000000000000 0x0000000000000000
XMM[2]=0x0000000000000000 0x0000000000000000
XMM[3]=0x0000000000000000 0x0000000000000000
XMM[4]=0x0000000000000000 0x0000000000000000
XMM[5]=0x0000000000000000 0x0000000000000000
XMM[6]=0x0000000000000000 0x0000000000000000
XMM[7]=0x0000000000000000 0x0000000000000000
XMM[8]=0x0000000000000000 0x0000000000000000
XMM[9]=0x0000000000000000 0x0000000000000000
XMM[10]=0x0000000000000000 0x0000000000000000
XMM[11]=0x0000000000000000 0x0000000000000000
XMM[12]=0x0000000000000000 0x0000000000000000
XMM[13]=0x0000000000000000 0x0000000000000000
XMM[14]=0x0000000000000000 0x0000000000000000
XMM[15]=0x0000000000000000 0x0000000000000000
  MXCSR=0x00001fa0


Register to memory mapping:

RAX=0x0 is null
RBX=0x000001e0557d14d0 points into unknown readable memory: 0x000001e05569f660 | 60 f6 69 55 e0 01 00 00
RCX=0x0 is null
RDX=0x0 is null
RSP=0x000000a6388fe4b0 is pointing into the stack for thread: 0x000001e05476e3a0
RBP=0x000000a6388fe5b9 is pointing into the stack for thread: 0x000001e05476e3a0
RSI=0x0000000008011009 is an unknown value
RDI=0x0 is null
R8 =0x0000000000000001 is an unknown value
R9 =0x000000a636c36000 points into unknown readable memory: 0x0000000000000000 | 00 00 00 00 00 00 00 00
R10=0x0 is null
R11=0x0000000000000246 is an unknown value
R12=0x0 is null
R13=0x0000000000000310 is an unknown value
R14=0x0 is null
R15=0x0 is null

Top of Stack: (sp=0x000000a6388fe4b0)
0x000000a6388fe4b0:   00007ffa51e07838 0000000008011009   8x.Q............
0x000000a6388fe4c0:   0000000000000000 0000000000000000   ................
0x000000a6388fe4d0:   0000000000000000 00007ffa51d676ec   .........v.Q....
0x000000a6388fe4e0:   0000000008011009 000001e05575d620   ........ .uU....
0x000000a6388fe4f0:   000001e0557d14d0 000001e0666645c0   ..}U.....Eff....
0x000000a6388fe500:   0000000000000000 00007ffa51d67796   .........w.Q....
0x000000a6388fe510:   000001e05575d620 00007ffa51cd0000    .uU.......Q....
0x000000a6388fe520:   000000a6388fe618 00007ffa7b32ced8   ...8......2{....
0x000000a6388fe530:   0000000000000000 00007ffa51d64b68   ........hK.Q....
0x000000a6388fe540:   000001e05575d620 0000000000000000    .uU............
0x000000a6388fe550:   00007ffa51d67c70 00007ffa9be4f6be   p|.Q............
0x000000a6388fe560:   0000000000000098 00007ffa9b97c919   ................
0x000000a6388fe570:   000000a6388fe610 0000000000000001   ...8............
0x000000a6388fe580:   0000000000000000 000000a6388fe618   ...........8....
0x000000a6388fe590:   0000000000000000 0000000000000000   ................
0x000000a6388fe5a0:   0000000000000000 000001e05476e768   ........h.vT....
0x000000a6388fe5b0:   000001e05575d6c0 0000000000000000   ..uU............
0x000000a6388fe5c0:   0000000000000000 00004ef11a2197fc   ..........!..N..
0x000000a6388fe5d0:   0000000000000000 0000000000000000   ................
0x000000a6388fe5e0:   0000000000000000 0000000000000000   ................
0x000000a6388fe5f0:   0000000000000000 0000000000000310   ................
0x000000a6388fe600:   0000000000000000 000001e05575d620   ........ .uU....
0x000000a6388fe610:   000001e05575d620 00007ffa51dafb9c    .uU.......Q....
0x000000a6388fe620:   0000000000000000 000003c14328ac75   ........u.(C....
0x000000a6388fe630:   00007947849bb987 0000000000000022   ....Gy..".......
0x000000a6388fe640:   000000000000c04b 0000000000000000   K...............
0x000000a6388fe650:   0000000000000000 00007ffa9b94c569   ........i.......
0x000000a6388fe660:   0000000000000000 0000000000000001   ................
0x000000a6388fe670:   0000000000000022 00007ffa9beb047f   "...............
0x000000a6388fe680:   0000000000450a2e 00007ffa9b94d7ba   ..E.............
0x000000a6388fe690:   ffffffffffffffeb 00004ef11a21949c   ..........!..N..
0x000000a6388fe6a0:   000001e066ac4e30 0000000000000000   0N.f............

Instructions: (pc=0x00007ffa51dab731)
  0x00007ffa51dab631:   83 ec 28 66 0f 6e c2 0f 5b c0 f3 0f 59 41 48 0f
  0x00007ffa51dab641:   5a c8 f2 0f 10 05 2d 35 03 00 f2 0f 5c 0d b5 35
  0x00007ffa51dab651:   01 00 66 0f 2f c1 76 0a b8 00 00 00 80 48 83 c4
  0x00007ffa51dab661:   28 c3 66 0f 2f 0d 35 7f 02 00 76 0a b8 ff ff ff
  0x00007ffa51dab671:   7f 48 83 c4 28 c3 0f 28 c1 e8 2f fb 00 00 f2 0f
  0x00007ffa51dab681:   2c c0 48 83 c4 28 c3 cc cc cc cc cc cc cc cc 48
  0x00007ffa51dab691:   83 ec 28 66 0f 6e c2 0f 5b c0 f3 0f 59 41 4c 0f
  0x00007ffa51dab6a1:   5a c8 f2 0f 10 05 cd 34 03 00 f2 0f 5c 0d 55 35
  0x00007ffa51dab6b1:   01 00 66 0f 2f c1 76 0a b8 00 00 00 80 48 83 c4
  0x00007ffa51dab6c1:   28 c3 66 0f 2f 0d d5 7e 02 00 76 0a b8 ff ff ff
  0x00007ffa51dab6d1:   7f 48 83 c4 28 c3 0f 28 c1 e8 cf fa 00 00 f2 0f
  0x00007ffa51dab6e1:   2c c0 48 83 c4 28 c3 cc cc cc cc cc cc cc cc 48
  0x00007ffa51dab6f1:   8b 49 08 48 85 c9 0f 85 03 82 fe ff 33 c0 c3 48
  0x00007ffa51dab701:   89 5c 24 08 48 89 74 24 10 57 48 83 ec 20 8b fa
  0x00007ffa51dab711:   48 8b f1 e8 77 c6 f4 ff 48 8b d8 48 89 44 24 40
  0x00007ffa51dab721:   41 b8 01 00 00 00 8b d7 48 8b c8 e8 cf c5 f4 ff
=>0x00007ffa51dab731:   48 8b 48 08 48 85 c9 74 0d 48 8b d6 e8 be 81 fe
  0x00007ffa51dab741:   ff 48 8b f8 eb 02 33 ff 48 8b cb e8 ff c7 f4 ff
  0x00007ffa51dab751:   90 48 8b c7 48 8b 5c 24 30 48 8b 74 24 38 48 83
  0x00007ffa51dab761:   c4 20 5f c3 cc cc cc cc cc cc cc cc cc cc cc 48
  0x00007ffa51dab771:   8b 01 89 10 c3 cc cc cc cc cc cc cc cc cc cc 40
  0x00007ffa51dab781:   57 48 83 ec 40 48 83 79 38 00 48 8b f9 0f 84 96
  0x00007ffa51dab791:   01 00 00 48 8b 0d 55 86 06 00 ba 02 00 01 00 48
  0x00007ffa51dab7a1:   89 5c 24 58 48 89 74 24 68 e8 50 c6 00 00 4c 8b
  0x00007ffa51dab7b1:   05 82 8b 06 00 48 8b c8 48 8b 57 38 48 8b d8 4c
  0x00007ffa51dab7c1:   8b 08 41 ff 91 f8 02 00 00 48 8b f0 48 85 c0 0f
  0x00007ffa51dab7d1:   84 4a 01 00 00 4c 8b 0b 48 8b d0 4c 8b 05 45 8b
  0x00007ffa51dab7e1:   06 00 48 8b cb 41 ff 91 00 01 00 00 84 c0 0f 84
  0x00007ffa51dab7f1:   2b 01 00 00 48 8b 7f 08 48 8b d6 48 8b 03 48 8b
  0x00007ffa51dab801:   cb 4c 8b 05 37 8b 06 00 48 81 c7 00 04 00 00 48
  0x00007ffa51dab811:   89 6c 24 60 4c 89 7c 24 20 ff 90 f8 02 00 00 4c
  0x00007ffa51dab821:   8b 0b 48 8b d6 4c 8b 05 1b 8b 06 00 48 8b cb 4c


Stack slot to memory mapping:

stack at sp + 0 slots: 0x00007ffa51e07838 awt.dll
stack at sp + 1 slots: 0x0000000008011009 is an unknown value
stack at sp + 2 slots: 0x0 is null
stack at sp + 3 slots: 0x0 is null
stack at sp + 4 slots: 0x0 is null
stack at sp + 5 slots: 0x00007ffa51d676ec awt.dll
stack at sp + 6 slots: 0x0000000008011009 is an unknown value
stack at sp + 7 slots: 0x000001e05575d620 points into unknown readable memory: 0x00007ffa51dda860 | 60 a8 dd 51 fa 7f 00 00

Lock stack of current Java thread (top to bottom):

native method entry point (kind = native)  [0x000001e00753ca40, 0x000001e00753d478]  2616 bytes
[MachCode]
  0x000001e00753ca40: 488b 4b08 | 0fb7 492e | 584c 8d74 | ccf8 6800 | 0000 0068 | 0000 0000 | 5055 488b | ec41 5568 
  0x000001e00753ca60: 0000 0000 | 4c8b 6b08 | 4d8d 6d38 | 5348 8b53 | 0848 8b52 | 0848 8b52 | 1848 8b52 | 7048 8b12 
  0x000001e00753ca80: 5248 8b53 | 1048 85d2 | 0f84 0700 | 0000 4881 | c208 0100 | 0052 488b | 5308 488b | 5208 488b 
  0x000001e00753caa0: 5210 5249 | 8bc6 482b | c548 c1e8 | 0350 6800 | 0000 0068 | f7ff ffff | 41c6 8771 | 0400 0001 
  0x000001e00753cac0: 488b 4310 | 4885 c074 | 208b 88cc | 0000 0083 | c102 8988 | cc00 0000 | 2388 e000 | 0000 0f84 
  0x000001e00753cae0: e408 0000 | e9cd 0000 | 0048 8b43 | 1848 85c0 | 0f85 b000 | 0000 e805 | 0000 00e9 | 9900 0000 
  0x000001e00753cb00: 488b d348 | 8d44 2408 | 4c89 6dc0 | 498b cfc5 | f877 4989 | afb8 0300 | 0049 8987 | a803 0000 
  0x000001e00753cb20: 4883 ec20 | 40f6 c40f | 0f84 1900 | 0000 4883 | ec08 48b8 | f04f 5a0c | fa7f 0000 | ffd0 4883 
  0x000001e00753cb40: c408 e90c | 0000 0048 | b8f0 4f5a | 0cfa 7f00 | 00ff d048 | 83c4 2049 | c787 a803 | 0000 0000 
  0x000001e00753cb60: 0000 49c7 | 87b8 0300 | 0000 0000 | 0049 c787 | b003 0000 | 0000 0000 | c5f8 7749 | 837f 0800 
  0x000001e00753cb80: 0f84 0500 | 0000 e935 | 43ff ff4c | 8b6d c04c | 8b75 c84e | 8d74 f500 | c348 8b43 | 1848 85c0 
  0x000001e00753cba0: 0f84 1000 | 0000 8b08 | 83c1 0289 | 0823 4814 | 0f84 1208 | 0000 493b | a7f0 0400 | 000f 8748 
  0x000001e00753cbc0: 0000 0089 | 8424 00f0 | ffff 8984 | 2400 e0ff | ff89 8424 | 00d0 ffff | 8984 2400 | c0ff ff89 
  0x000001e00753cbe0: 8424 00b0 | ffff 8984 | 2400 a0ff | ff89 8424 | 0090 ffff | 8984 2400 | 80ff ff49 | 3ba7 e804 
  0x000001e00753cc00: 0000 7607 | 4989 a7f0 | 0400 0041 | c687 7104 | 0000 0048 | 8b5d e84c | 8b5b 0845 | 0fb7 5b2e 
  0x000001e00753cc20: 41c1 e303 | 492b e348 | 83ec 2048 | 83e4 f04c | 8b5b 604d | 85db 0f85 | ab00 0000 | e805 0000 
  0x000001e00753cc40: 00e9 9900 | 0000 488b | d348 8d44 | 2408 4c89 | 6dc0 498b | cfc5 f877 | 4989 afb8 | 0300 0049 
  0x000001e00753cc60: 8987 a803 | 0000 4883 | ec20 40f6 | c40f 0f84 | 1900 0000 | 4883 ec08 | 48b8 307a | 5a0c fa7f 
  0x000001e00753cc80: 0000 ffd0 | 4883 c408 | e90c 0000 | 0048 b830 | 7a5a 0cfa | 7f00 00ff | d048 83c4 | 2049 c787 
  0x000001e00753cca0: a803 0000 | 0000 0000 | 49c7 87b8 | 0300 0000 | 0000 0049 | c787 b003 | 0000 0000 | 0000 c5f8 
  0x000001e00753ccc0: 7749 837f | 0800 0f84 | 0500 0000 | e9ef 41ff | ff4c 8b6d | c04c 8b75 | c84e 8d74 | f500 c348 
  0x000001e00753cce0: 8b5d e84c | 8b5b 6041 | ffd3 488b | 5de8 4889 | 4518 448b | 5b28 41f6 | c308 0f84 | 1b00 0000 
  0x000001e00753cd00: 4c8b 5b08 | 4d8b 5b08 | 4d8b 5b18 | 4d8b 5b70 | 4d8b 1b4c | 895d 1048 | 8d55 1048 | 8b43 5849 
  0x000001e00753cd20: ba80 b793 | 0cfa 7f00 | 0049 3bc2 | 0f85 ab00 | 0000 e805 | 0000 00e9 | 9900 0000 | 488b d348 
  0x000001e00753cd40: 8d44 2408 | 4c89 6dc0 | 498b cfc5 | f877 4989 | afb8 0300 | 0049 8987 | a803 0000 | 4883 ec20 
  0x000001e00753cd60: 40f6 c40f | 0f84 1900 | 0000 4883 | ec08 48b8 | 307a 5a0c | fa7f 0000 | ffd0 4883 | c408 e90c 
  0x000001e00753cd80: 0000 0048 | b830 7a5a | 0cfa 7f00 | 00ff d048 | 83c4 2049 | c787 a803 | 0000 0000 | 0000 49c7 
  0x000001e00753cda0: 87b8 0300 | 0000 0000 | 0049 c787 | b003 0000 | 0000 0000 | c5f8 7749 | 837f 0800 | 0f84 0500 
  0x000001e00753cdc0: 0000 e9f9 | 40ff ff4c | 8b6d c04c | 8b75 c84e | 8d74 f500 | c348 8b5d | e848 8b43 | 5849 8d8f 
  0x000001e00753cde0: c803 0000 | 4c8d 15d5 | 0000 004d | 8997 b003 | 0000 c5f8 | 7749 89af | b803 0000 | 4989 a7a8 
  0x000001e00753ce00: 0300 0041 | c787 5404 | 0000 0400 | 0000 493b | a748 0500 | 0076 0749 | 89a7 4805 | 0000 ffd0 
  0x000001e00753ce20: 493b a748 | 0500 0072 | 0b49 c787 | 4805 0000 | 0000 0000 | c5f8 7748 | 83ec 10c5 | fb11 0424 
  0x000001e00753ce40: 4883 ec10 | 4889 0424 | 48c7 4424 | 0800 0000 | 0041 c787 | 5404 0000 | 0500 0000 | f083 4424 
  0x000001e00753ce60: c000 493b | 6f28 0f87 | 0e00 0000 | 4183 bf50 | 0400 0000 | 0f84 2000 | 0000 498b | cf4c 8be4 
  0x000001e00753ce80: 4883 ec20 | 4883 e4f0 | 48b8 d0da | 5b0c fa7f | 0000 ffd0 | 498b e44d | 33e4 41c7 | 8754 0400 
  0x000001e00753cea0: 0008 0000 | 004d 8b97 | 7005 0000 | 4983 fa00 | 7435 49c7 | 8770 0500 | 0000 0000 | 0041 ffe2 
  0x000001e00753cec0: 49ba 00bb | 5307 e001 | 0000 41ff | d248 83ec | 10c5 fb11 | 0424 4883 | ec10 4889 | 0424 48c7 
  0x000001e00753cee0: 4424 0800 | 0000 0049 | c787 a803 | 0000 0000 | 0000 49c7 | 87b8 0300 | 0000 0000 | 0049 c787 
  0x000001e00753cf00: b003 0000 | 0000 0000 | c5f8 774d | 8b9f 3804 | 0000 41c7 | 8300 0100 | 0000 0000 | 0049 bb3a 
  0x000001e00753cf20: a453 07e0 | 0100 004c | 3b5d 180f | 8555 0100 | 0048 8b04 | 2448 83c4 | 1048 85c0 | 0f84 2f01 
  0x000001e00753cf40: 0000 a803 | 0f85 0800 | 0000 488b | 00e9 1f01 | 0000 a801 | 0f85 0900 | 0000 488b | 40fe e90e 
  0x000001e00753cf60: 0100 0048 | 8b40 ff41 | 807f 4800 | 0f84 ff00 | 0000 4883 | f800 0f84 | f500 0000 | 4d8b 5f38 
  0x000001e00753cf80: 4d85 db0f | 8414 0000 | 0049 83eb | 084d 895f | 384d 035f | 4049 8903 | e9d4 0000 | 0048 83ec 
  0x000001e00753cfa0: 7048 8904 | 2448 894c | 2408 4889 | 5424 104c | 8944 2418 | 4c89 4c24 | 204c 8954 | 2428 4c89 
  0x000001e00753cfc0: 5c24 30c5 | fb11 4424 | 40c5 fb11 | 4c24 48c5 | fb11 5424 | 50c5 fb11 | 5c24 58c5 | fb11 6424 
  0x000001e00753cfe0: 60c5 fb11 | 6c24 6849 | 8bd7 488b | c848 83ec | 2040 f6c4 | 0f0f 8419 | 0000 0048 | 83ec 0848 
  0x000001e00753d000: b8a0 704e | 0cfa 7f00 | 00ff d048 | 83c4 08e9 | 0c00 0000 | 48b8 a070 | 4e0c fa7f | 0000 ffd0 
  0x000001e00753d020: 4883 c420 | c5fb 106c | 2468 c5fb | 1064 2460 | c5fb 105c | 2458 c5fb | 1054 2450 | c5fb 104c 
  0x000001e00753d040: 2448 c5fb | 1044 2440 | 4c8b 5c24 | 304c 8b54 | 2428 4c8b | 4c24 204c | 8b44 2418 | 488b 5424 
  0x000001e00753d060: 1048 8b4c | 2408 488b | 0424 4883 | c470 c5f8 | 7748 8945 | 1048 83ec | 1048 8904 | 2448 c744 
  0x000001e00753d080: 2408 0000 | 0000 4183 | bfd0 0400 | 0002 0f85 | bf00 0000 | 4881 ec80 | 0000 0048 | 8944 2478 
  0x000001e00753d0a0: 4889 4c24 | 7048 8954 | 2468 4889 | 5c24 6048 | 896c 2450 | 4889 7424 | 4848 897c | 2440 4c89 
  0x000001e00753d0c0: 4424 384c | 894c 2430 | 4c89 5424 | 284c 895c | 2420 4c89 | 6424 184c | 896c 2410 | 4c89 7424 
  0x000001e00753d0e0: 084c 893c | 244c 8be4 | 4883 ec20 | 4883 e4f0 | 48b8 209f | 930c fa7f | 0000 ffd0 | 498b e44c 
  0x000001e00753d100: 8b3c 244c | 8b74 2408 | 4c8b 6c24 | 104c 8b64 | 2418 4c8b | 5c24 204c | 8b54 2428 | 4c8b 4c24 
  0x000001e00753d120: 304c 8b44 | 2438 488b | 7c24 4048 | 8b74 2448 | 488b 6c24 | 5048 8b5c | 2460 488b | 5424 6848 
  0x000001e00753d140: 8b4c 2470 | 488b 4424 | 7848 81c4 | 8000 0000 | 4d33 e448 | 8b5d e84c | 8b6b 084d | 8d6d 3849 
  0x000001e00753d160: 837f 0800 | 0f84 bb00 | 0000 e805 | 0000 00e9 | 9600 0000 | 488d 4424 | 084c 896d | c049 8bcf 
  0x000001e00753d180: c5f8 7749 | 89af b803 | 0000 4989 | 87a8 0300 | 0048 83ec | 2040 f6c4 | 0f0f 8419 | 0000 0048 
  0x000001e00753d1a0: 83ec 0848 | b8d0 985a | 0cfa 7f00 | 00ff d048 | 83c4 08e9 | 0c00 0000 | 48b8 d098 | 5a0c fa7f 
  0x000001e00753d1c0: 0000 ffd0 | 4883 c420 | 49c7 87a8 | 0300 0000 | 0000 0049 | c787 b803 | 0000 0000 | 0000 49c7 
  0x000001e00753d1e0: 87b0 0300 | 0000 0000 | 00c5 f877 | 4983 7f08 | 000f 8405 | 0000 00e9 | c43c ffff | 4c8b 6dc0 
  0x000001e00753d200: 4c8b 75c8 | 4e8d 74f5 | 00c3 48b9 | 9014 c30c | fa7f 0000 | 4883 e4f0 | 48b8 40c7 | 800c fa7f 
  0x000001e00753d220: 0000 ffd0 | f444 8b5b | 2841 f6c3 | 200f 8472 | 0100 0048 | 8d55 a84c | 8b5a 084d | 85db 0f85 
  0x000001e00753d240: bb00 0000 | e805 0000 | 00e9 9600 | 0000 488d | 4424 084c | 896d c049 | 8bcf c5f8 | 7749 89af 
  0x000001e00753d260: b803 0000 | 4989 87a8 | 0300 0048 | 83ec 2040 | f6c4 0f0f | 8419 0000 | 0048 83ec | 0848 b800 
  0x000001e00753d280: 985a 0cfa | 7f00 00ff | d048 83c4 | 08e9 0c00 | 0000 48b8 | 0098 5a0c | fa7f 0000 | ffd0 4883 
  0x000001e00753d2a0: c420 49c7 | 87a8 0300 | 0000 0000 | 0049 c787 | b803 0000 | 0000 0000 | 49c7 87b0 | 0300 0000 
  0x000001e00753d2c0: 0000 00c5 | f877 4983 | 7f08 000f | 8405 0000 | 00e9 ea3b | ffff 4c8b | 6dc0 4c8b | 75c8 4e8d 
  0x000001e00753d2e0: 74f5 00c3 | 48b9 9014 | c30c fa7f | 0000 4883 | e4f0 48b8 | 40c7 800c | fa7f 0000 | ffd0 f44c 
  0x000001e00753d300: 896d c04c | 8b4a 0848 | c742 0800 | 0000 0045 | 8b87 5806 | 0000 4f3b | 4c07 f80f | 8542 0000 
  0x000001e00753d320: 0041 83af | 5806 0000 | 084f 3b4c | 07f0 0f84 | 2a00 0000 | 498b 01a8 | 020f 8512 | 0000 004c 
  0x000001e00753d340: 8bc0 4983 | c801 f04d | 0fb1 010f | 840d 0000 | 0041 8387 | 5806 0000 | 08e9 0500 | 0000 e93e 
  0x000001e00753d360: 0000 004c | 894a 0848 | 8bca 4883 | ec20 40f6 | c40f 0f84 | 1900 0000 | 4883 ec08 | 48b8 206a 
  0x000001e00753d380: 5a0c fa7f | 0000 ffd0 | 4883 c408 | e90c 0000 | 0048 b820 | 6a5a 0cfa | 7f00 00ff | d048 83c4 
  0x000001e00753d3a0: 204c 8b6d | c048 8b04 | 2448 83c4 | 10c5 fb10 | 0424 4883 | c410 4c8b | 5d18 41ff | d34c 8b5d 
  0x000001e00753d3c0: f8c9 5f49 | 8be3 ffe7 | ba00 0000 | 00e8 0500 | 0000 e996 | 0000 0048 | 8d44 2408 | 4c89 6dc0 
  0x000001e00753d3e0: 498b cfc5 | f877 4989 | afb8 0300 | 0049 8987 | a803 0000 | 4883 ec20 | 40f6 c40f | 0f84 1900 
  0x000001e00753d400: 0000 4883 | ec08 48b8 | c05e 5a0c | fa7f 0000 | ffd0 4883 | c408 e90c | 0000 0048 | b8c0 5e5a 
  0x000001e00753d420: 0cfa 7f00 | 00ff d048 | 83c4 2049 | c787 a803 | 0000 0000 | 0000 49c7 | 87b8 0300 | 0000 0000 
  0x000001e00753d440: 0049 c787 | b003 0000 | 0000 0000 | c5f8 7749 | 837f 0800 | 0f84 0500 | 0000 e961 | 3aff ff4c 
  0x000001e00753d460: 8b6d c04c | 8b75 c84e | 8d74 f500 | c348 8b5d | e8e9 40f7 | ffff 6690 
[/MachCode]

---------------  P R O C E S S  ---------------

Threads class SMR info:
_java_thread_list=0x000001e05409aea0, length=17, elements={
0x000001e07943c4d0, 0x000001e07943cc10, 0x000001e07943fa50, 0x000001e0794429a0,
0x000001e079443ae0, 0x000001e07944db30, 0x000001e07945ccd0, 0x000001e07945fa80,
0x000001e05423abc0, 0x000001e0542139e0, 0x000001e054214120, 0x000001e054756920,
0x000001e0547584a0, 0x000001e05476e3a0, 0x000001e0548df070, 0x000001e06873e140,
0x000001e05570ae40
}

Java Threads: ( => current thread )
  0x000001e07943c4d0 JavaThread "Reference Handler"          daemon [_thread_blocked, id=26312, stack(0x000000a637a00000,0x000000a637b00000) (1024K)]
  0x000001e07943cc10 JavaThread "Finalizer"                  daemon [_thread_blocked, id=13884, stack(0x000000a637b00000,0x000000a637c00000) (1024K)]
  0x000001e07943fa50 JavaThread "Signal Dispatcher"          daemon [_thread_blocked, id=27780, stack(0x000000a637c00000,0x000000a637d00000) (1024K)]
  0x000001e0794429a0 JavaThread "Attach Listener"            daemon [_thread_blocked, id=26440, stack(0x000000a637d00000,0x000000a637e00000) (1024K)]
  0x000001e079443ae0 JavaThread "Service Thread"             daemon [_thread_blocked, id=22984, stack(0x000000a637e00000,0x000000a637f00000) (1024K)]
  0x000001e07944db30 JavaThread "Monitor Deflation Thread"   daemon [_thread_blocked, id=26836, stack(0x000000a637f00000,0x000000a638000000) (1024K)]
  0x000001e07945ccd0 JavaThread "C2 CompilerThread0"         daemon [_thread_blocked, id=6868, stack(0x000000a638000000,0x000000a638100000) (1024K)]
  0x000001e07945fa80 JavaThread "C1 CompilerThread0"         daemon [_thread_blocked, id=28148, stack(0x000000a638100000,0x000000a638200000) (1024K)]
  0x000001e05423abc0 JavaThread "Common-Cleaner"             daemon [_thread_blocked, id=16556, stack(0x000000a638300000,0x000000a638400000) (1024K)]
  0x000001e0542139e0 JavaThread "Monitor Ctrl-Break"         daemon [_thread_in_native, id=6312, stack(0x000000a638400000,0x000000a638500000) (1024K)]
  0x000001e054214120 JavaThread "Notification Thread"        daemon [_thread_blocked, id=15216, stack(0x000000a638500000,0x000000a638600000) (1024K)]
  0x000001e054756920 JavaThread "Java2D Disposer"            daemon [_thread_blocked, id=25432, stack(0x000000a638600000,0x000000a638700000) (1024K)]
  0x000001e0547584a0 JavaThread "AWT-Shutdown"                      [_thread_blocked, id=25384, stack(0x000000a638700000,0x000000a638800000) (1024K)]
=>0x000001e05476e3a0 JavaThread "AWT-Windows"                daemon [_thread_in_native, id=15120, stack(0x000000a638800000,0x000000a638900000) (1024K)]
  0x000001e0548df070 JavaThread "AWT-EventQueue-0"                  [_thread_in_native, id=8120, stack(0x000000a638900000,0x000000a638a00000) (1024K)]
  0x000001e06873e140 JavaThread "DestroyJavaVM"                     [_thread_blocked, id=7460, stack(0x000000a637200000,0x000000a637300000) (1024K)]
  0x000001e05570ae40 JavaThread "TimerQueue"                 daemon [_thread_blocked, id=10112, stack(0x000000a638a00000,0x000000a638b00000) (1024K)]
Total: 17

Other Threads:
  0x000001e07942b720 VMThread "VM Thread"                           [id=6856, stack(0x000000a637900000,0x000000a637a00000) (1024K)]
  0x000001e0792e3f80 WatcherThread "VM Periodic Task Thread"        [id=552, stack(0x000000a637800000,0x000000a637900000) (1024K)]
  0x000001e0687a52b0 WorkerThread "GC Thread#0"                     [id=28128, stack(0x000000a637300000,0x000000a637400000) (1024K)]
  0x000001e055d3ae50 WorkerThread "GC Thread#1"                     [id=12376, stack(0x000000a638200000,0x000000a638300000) (1024K)]
  0x000001e054521350 WorkerThread "GC Thread#2"                     [id=2044, stack(0x000000a638b00000,0x000000a638c00000) (1024K)]
  0x000001e05624bf10 WorkerThread "GC Thread#3"                     [id=27740, stack(0x000000a638f00000,0x000000a639000000) (1024K)]
  0x000001e05624bb60 WorkerThread "GC Thread#4"                     [id=27120, stack(0x000000a639000000,0x000000a639100000) (1024K)]
  0x000001e05624b7b0 WorkerThread "GC Thread#5"                     [id=28108, stack(0x000000a639100000,0x000000a639200000) (1024K)]
  0x000001e05624b050 WorkerThread "GC Thread#6"                     [id=25356, stack(0x000000a639200000,0x000000a639300000) (1024K)]
  0x000001e05624b400 WorkerThread "GC Thread#7"                     [id=20252, stack(0x000000a639300000,0x000000a639400000) (1024K)]
  0x000001e05624aca0 WorkerThread "GC Thread#8"                     [id=27928, stack(0x000000a639400000,0x000000a639500000) (1024K)]
  0x000001e0687bb240 ConcurrentGCThread "G1 Main Marker"            [id=17296, stack(0x000000a637400000,0x000000a637500000) (1024K)]
  0x000001e0687bc400 WorkerThread "G1 Conc#0"                       [id=28092, stack(0x000000a637500000,0x000000a637600000) (1024K)]
  0x000001e0792d6e10 ConcurrentGCThread "G1 Refine#0"               [id=7012, stack(0x000000a637600000,0x000000a637700000) (1024K)]
  0x000001e0792d78a0 ConcurrentGCThread "G1 Service"                [id=19404, stack(0x000000a637700000,0x000000a637800000) (1024K)]
Total: 15

Threads with active compile tasks:
Total: 0

VM state: not at safepoint (normal execution)

VM Mutex/Monitor currently owned by a thread: None

Heap address: 0x0000000704e00000, size: 4018 MB, Compressed Oops mode: Zero based, Oop shift amount: 3

CDS archive(s) mapped at: [0x000001e00f000000-0x000001e00fd40000-0x000001e00fd40000), size 13893632, SharedBaseAddress: 0x000001e00f000000, ArchiveRelocationMode: 1.
Compressed class space mapped at: 0x000001e010000000-0x000001e050000000, reserved size: 1073741824
UseCompressedClassPointers 1, UseCompactObjectHeaders 0
Narrow klass pointer bits 32, Max shift 3
Narrow klass base: 0x000001e00f000000, Narrow klass shift: 0
Encoding Range: [0x000001e00f000000 - 0x000001e10f000000), (4294967296 bytes)
Klass Range:    [0x000001e00f000000 - 0x000001e050000000), (1090519040 bytes)
Klass ID Range:  [8 - 1090519033) (1090519025)

GC Precious Log:
 CardTable entry size: 512
 Card Set container configuration: InlinePtr #cards 4 size 8 Array Of Cards #cards 16 size 48 Howl #buckets 8 coarsen threshold 3686 Howl Bitmap #cards 512 size 80 coarsen threshold 460 Card regions per heap region 1 cards per card region 4096
 CPUs: 12 total, 12 available
 Memory: 16068M
 Large Page Support: Disabled
 NUMA Support: Disabled
 Compressed Oops: Enabled (Zero based)
 Heap Region Size: 2M
 Heap Min Capacity: 8M
 Heap Initial Capacity: 252M
 Heap Max Capacity: 4018M
 Pre-touch: Disabled
 Parallel Workers: 10
 Concurrent Workers: 3
 Concurrent Refinement Workers: 10
 Periodic GC: Disabled

Heap:
 garbage-first heap   total reserved 4114432K, committed 260096K, used 24494K [0x0000000704e00000, 0x0000000800000000)
  region size 2048K, 10 young (20480K), 3 survivors (6144K)
 Metaspace       used 17426K, committed 17984K, reserved 1114112K
  class space    used 1724K, committed 1984K, reserved 1048576K

Heap Regions: E=young(eden), S=young(survivor), O=old, HS=humongous(starts), HC=humongous(continues), CS=collection set, F=free, TAMS=top-at-mark-start, PB=parsable bottom
|   0|0x0000000704e00000, 0x0000000705000000, 0x0000000705000000|100%|HS|  |TAMS 0x0000000704e00000| PB 0x0000000704e00000| Complete |  0
|   1|0x0000000705000000, 0x0000000705200000, 0x0000000705200000|100%|HS|  |TAMS 0x0000000705000000| PB 0x0000000705000000| Complete |  0
|   2|0x0000000705200000, 0x0000000705400000, 0x0000000705400000|100%|HC|  |TAMS 0x0000000705200000| PB 0x0000000705200000| Complete |  0
|   3|0x0000000705400000, 0x0000000705400000, 0x0000000705600000|  0%| F|  |TAMS 0x0000000705400000| PB 0x0000000705400000| Untracked |  0
|   4|0x0000000705600000, 0x0000000705600000, 0x0000000705800000|  0%| F|  |TAMS 0x0000000705600000| PB 0x0000000705600000| Untracked |  0
|   5|0x0000000705800000, 0x0000000705800000, 0x0000000705a00000|  0%| F|  |TAMS 0x0000000705800000| PB 0x0000000705800000| Untracked |  0
|   6|0x0000000705a00000, 0x0000000705a00000, 0x0000000705c00000|  0%| F|  |TAMS 0x0000000705a00000| PB 0x0000000705a00000| Untracked |  0
|   7|0x0000000705c00000, 0x0000000705c00000, 0x0000000705e00000|  0%| F|  |TAMS 0x0000000705c00000| PB 0x0000000705c00000| Untracked |  0
|   8|0x0000000705e00000, 0x0000000705e00000, 0x0000000706000000|  0%| F|  |TAMS 0x0000000705e00000| PB 0x0000000705e00000| Untracked |  0
|   9|0x0000000706000000, 0x0000000706000000, 0x0000000706200000|  0%| F|  |TAMS 0x0000000706000000| PB 0x0000000706000000| Untracked |  0
|  10|0x0000000706200000, 0x0000000706200000, 0x0000000706400000|  0%| F|  |TAMS 0x0000000706200000| PB 0x0000000706200000| Untracked |  0
|  11|0x0000000706400000, 0x0000000706400000, 0x0000000706600000|  0%| F|  |TAMS 0x0000000706400000| PB 0x0000000706400000| Untracked |  0
|  12|0x0000000706600000, 0x0000000706600000, 0x0000000706800000|  0%| F|  |TAMS 0x0000000706600000| PB 0x0000000706600000| Untracked |  0
|  13|0x0000000706800000, 0x0000000706800000, 0x0000000706a00000|  0%| F|  |TAMS 0x0000000706800000| PB 0x0000000706800000| Untracked |  0
|  14|0x0000000706a00000, 0x0000000706a00000, 0x0000000706c00000|  0%| F|  |TAMS 0x0000000706a00000| PB 0x0000000706a00000| Untracked |  0
|  15|0x0000000706c00000, 0x0000000706c00000, 0x0000000706e00000|  0%| F|  |TAMS 0x0000000706c00000| PB 0x0000000706c00000| Untracked |  0
|  16|0x0000000706e00000, 0x0000000706e00000, 0x0000000707000000|  0%| F|  |TAMS 0x0000000706e00000| PB 0x0000000706e00000| Untracked |  0
|  17|0x0000000707000000, 0x0000000707000000, 0x0000000707200000|  0%| F|  |TAMS 0x0000000707000000| PB 0x0000000707000000| Untracked |  0
|  18|0x0000000707200000, 0x0000000707200000, 0x0000000707400000|  0%| F|  |TAMS 0x0000000707200000| PB 0x0000000707200000| Untracked |  0
|  19|0x0000000707400000, 0x0000000707400000, 0x0000000707600000|  0%| F|  |TAMS 0x0000000707400000| PB 0x0000000707400000| Untracked |  0
|  20|0x0000000707600000, 0x0000000707600000, 0x0000000707800000|  0%| F|  |TAMS 0x0000000707600000| PB 0x0000000707600000| Untracked |  0
|  21|0x0000000707800000, 0x0000000707800000, 0x0000000707a00000|  0%| F|  |TAMS 0x0000000707800000| PB 0x0000000707800000| Untracked |  0
|  22|0x0000000707a00000, 0x0000000707a00000, 0x0000000707c00000|  0%| F|  |TAMS 0x0000000707a00000| PB 0x0000000707a00000| Untracked |  0
|  23|0x0000000707c00000, 0x0000000707c00000, 0x0000000707e00000|  0%| F|  |TAMS 0x0000000707c00000| PB 0x0000000707c00000| Untracked |  0
|  24|0x0000000707e00000, 0x0000000707e00000, 0x0000000708000000|  0%| F|  |TAMS 0x0000000707e00000| PB 0x0000000707e00000| Untracked |  0
|  25|0x0000000708000000, 0x0000000708000000, 0x0000000708200000|  0%| F|  |TAMS 0x0000000708000000| PB 0x0000000708000000| Untracked |  0
|  26|0x0000000708200000, 0x0000000708200000, 0x0000000708400000|  0%| F|  |TAMS 0x0000000708200000| PB 0x0000000708200000| Untracked |  0
|  27|0x0000000708400000, 0x0000000708400000, 0x0000000708600000|  0%| F|  |TAMS 0x0000000708400000| PB 0x0000000708400000| Untracked |  0
|  28|0x0000000708600000, 0x0000000708600000, 0x0000000708800000|  0%| F|  |TAMS 0x0000000708600000| PB 0x0000000708600000| Untracked |  0
|  29|0x0000000708800000, 0x0000000708800000, 0x0000000708a00000|  0%| F|  |TAMS 0x0000000708800000| PB 0x0000000708800000| Untracked |  0
|  30|0x0000000708a00000, 0x0000000708a00000, 0x0000000708c00000|  0%| F|  |TAMS 0x0000000708a00000| PB 0x0000000708a00000| Untracked |  0
|  31|0x0000000708c00000, 0x0000000708c00000, 0x0000000708e00000|  0%| F|  |TAMS 0x0000000708c00000| PB 0x0000000708c00000| Untracked |  0
|  32|0x0000000708e00000, 0x0000000708e00000, 0x0000000709000000|  0%| F|  |TAMS 0x0000000708e00000| PB 0x0000000708e00000| Untracked |  0
|  33|0x0000000709000000, 0x0000000709000000, 0x0000000709200000|  0%| F|  |TAMS 0x0000000709000000| PB 0x0000000709000000| Untracked |  0
|  34|0x0000000709200000, 0x0000000709200000, 0x0000000709400000|  0%| F|  |TAMS 0x0000000709200000| PB 0x0000000709200000| Untracked |  0
|  35|0x0000000709400000, 0x0000000709400000, 0x0000000709600000|  0%| F|  |TAMS 0x0000000709400000| PB 0x0000000709400000| Untracked |  0
|  36|0x0000000709600000, 0x0000000709600000, 0x0000000709800000|  0%| F|  |TAMS 0x0000000709600000| PB 0x0000000709600000| Untracked |  0
|  37|0x0000000709800000, 0x0000000709800000, 0x0000000709a00000|  0%| F|  |TAMS 0x0000000709800000| PB 0x0000000709800000| Untracked |  0
|  38|0x0000000709a00000, 0x0000000709a00000, 0x0000000709c00000|  0%| F|  |TAMS 0x0000000709a00000| PB 0x0000000709a00000| Untracked |  0
|  39|0x0000000709c00000, 0x0000000709c00000, 0x0000000709e00000|  0%| F|  |TAMS 0x0000000709c00000| PB 0x0000000709c00000| Untracked |  0
|  40|0x0000000709e00000, 0x0000000709e00000, 0x000000070a000000|  0%| F|  |TAMS 0x0000000709e00000| PB 0x0000000709e00000| Untracked |  0
|  41|0x000000070a000000, 0x000000070a000000, 0x000000070a200000|  0%| F|  |TAMS 0x000000070a000000| PB 0x000000070a000000| Untracked |  0
|  42|0x000000070a200000, 0x000000070a200000, 0x000000070a400000|  0%| F|  |TAMS 0x000000070a200000| PB 0x000000070a200000| Untracked |  0
|  43|0x000000070a400000, 0x000000070a400000, 0x000000070a600000|  0%| F|  |TAMS 0x000000070a400000| PB 0x000000070a400000| Untracked |  0
|  44|0x000000070a600000, 0x000000070a600000, 0x000000070a800000|  0%| F|  |TAMS 0x000000070a600000| PB 0x000000070a600000| Untracked |  0
|  45|0x000000070a800000, 0x000000070a800000, 0x000000070aa00000|  0%| F|  |TAMS 0x000000070a800000| PB 0x000000070a800000| Untracked |  0
|  46|0x000000070aa00000, 0x000000070aa00000, 0x000000070ac00000|  0%| F|  |TAMS 0x000000070aa00000| PB 0x000000070aa00000| Untracked |  0
|  47|0x000000070ac00000, 0x000000070ac00000, 0x000000070ae00000|  0%| F|  |TAMS 0x000000070ac00000| PB 0x000000070ac00000| Untracked |  0
|  48|0x000000070ae00000, 0x000000070ae00000, 0x000000070b000000|  0%| F|  |TAMS 0x000000070ae00000| PB 0x000000070ae00000| Untracked |  0
|  49|0x000000070b000000, 0x000000070b000000, 0x000000070b200000|  0%| F|  |TAMS 0x000000070b000000| PB 0x000000070b000000| Untracked |  0
|  50|0x000000070b200000, 0x000000070b200000, 0x000000070b400000|  0%| F|  |TAMS 0x000000070b200000| PB 0x000000070b200000| Untracked |  0
|  51|0x000000070b400000, 0x000000070b400000, 0x000000070b600000|  0%| F|  |TAMS 0x000000070b400000| PB 0x000000070b400000| Untracked |  0
|  52|0x000000070b600000, 0x000000070b600000, 0x000000070b800000|  0%| F|  |TAMS 0x000000070b600000| PB 0x000000070b600000| Untracked |  0
|  53|0x000000070b800000, 0x000000070b800000, 0x000000070ba00000|  0%| F|  |TAMS 0x000000070b800000| PB 0x000000070b800000| Untracked |  0
|  54|0x000000070ba00000, 0x000000070ba00000, 0x000000070bc00000|  0%| F|  |TAMS 0x000000070ba00000| PB 0x000000070ba00000| Untracked |  0
|  55|0x000000070bc00000, 0x000000070bc00000, 0x000000070be00000|  0%| F|  |TAMS 0x000000070bc00000| PB 0x000000070bc00000| Untracked |  0
|  56|0x000000070be00000, 0x000000070be00000, 0x000000070c000000|  0%| F|  |TAMS 0x000000070be00000| PB 0x000000070be00000| Untracked |  0
|  57|0x000000070c000000, 0x000000070c000000, 0x000000070c200000|  0%| F|  |TAMS 0x000000070c000000| PB 0x000000070c000000| Untracked |  0
|  58|0x000000070c200000, 0x000000070c200000, 0x000000070c400000|  0%| F|  |TAMS 0x000000070c200000| PB 0x000000070c200000| Untracked |  0
|  59|0x000000070c400000, 0x000000070c400000, 0x000000070c600000|  0%| F|  |TAMS 0x000000070c400000| PB 0x000000070c400000| Untracked |  0
|  60|0x000000070c600000, 0x000000070c600000, 0x000000070c800000|  0%| F|  |TAMS 0x000000070c600000| PB 0x000000070c600000| Untracked |  0
|  61|0x000000070c800000, 0x000000070c800000, 0x000000070ca00000|  0%| F|  |TAMS 0x000000070c800000| PB 0x000000070c800000| Untracked |  0
|  62|0x000000070ca00000, 0x000000070ca00000, 0x000000070cc00000|  0%| F|  |TAMS 0x000000070ca00000| PB 0x000000070ca00000| Untracked |  0
|  63|0x000000070cc00000, 0x000000070cc00000, 0x000000070ce00000|  0%| F|  |TAMS 0x000000070cc00000| PB 0x000000070cc00000| Untracked |  0
|  64|0x000000070ce00000, 0x000000070ce00000, 0x000000070d000000|  0%| F|  |TAMS 0x000000070ce00000| PB 0x000000070ce00000| Untracked |  0
|  65|0x000000070d000000, 0x000000070d000000, 0x000000070d200000|  0%| F|  |TAMS 0x000000070d000000| PB 0x000000070d000000| Untracked |  0
|  66|0x000000070d200000, 0x000000070d200000, 0x000000070d400000|  0%| F|  |TAMS 0x000000070d200000| PB 0x000000070d200000| Untracked |  0
|  67|0x000000070d400000, 0x000000070d400000, 0x000000070d600000|  0%| F|  |TAMS 0x000000070d400000| PB 0x000000070d400000| Untracked |  0
|  68|0x000000070d600000, 0x000000070d600000, 0x000000070d800000|  0%| F|  |TAMS 0x000000070d600000| PB 0x000000070d600000| Untracked |  0
|  69|0x000000070d800000, 0x000000070d800000, 0x000000070da00000|  0%| F|  |TAMS 0x000000070d800000| PB 0x000000070d800000| Untracked |  0
|  70|0x000000070da00000, 0x000000070da00000, 0x000000070dc00000|  0%| F|  |TAMS 0x000000070da00000| PB 0x000000070da00000| Untracked |  0
|  71|0x000000070dc00000, 0x000000070dc00000, 0x000000070de00000|  0%| F|  |TAMS 0x000000070dc00000| PB 0x000000070dc00000| Untracked |  0
|  72|0x000000070de00000, 0x000000070de00000, 0x000000070e000000|  0%| F|  |TAMS 0x000000070de00000| PB 0x000000070de00000| Untracked |  0
|  73|0x000000070e000000, 0x000000070e000000, 0x000000070e200000|  0%| F|  |TAMS 0x000000070e000000| PB 0x000000070e000000| Untracked |  0
|  74|0x000000070e200000, 0x000000070e200000, 0x000000070e400000|  0%| F|  |TAMS 0x000000070e200000| PB 0x000000070e200000| Untracked |  0
|  75|0x000000070e400000, 0x000000070e400000, 0x000000070e600000|  0%| F|  |TAMS 0x000000070e400000| PB 0x000000070e400000| Untracked |  0
|  76|0x000000070e600000, 0x000000070e600000, 0x000000070e800000|  0%| F|  |TAMS 0x000000070e600000| PB 0x000000070e600000| Untracked |  0
|  77|0x000000070e800000, 0x000000070e800000, 0x000000070ea00000|  0%| F|  |TAMS 0x000000070e800000| PB 0x000000070e800000| Untracked |  0
|  78|0x000000070ea00000, 0x000000070ea00000, 0x000000070ec00000|  0%| F|  |TAMS 0x000000070ea00000| PB 0x000000070ea00000| Untracked |  0
|  79|0x000000070ec00000, 0x000000070ec00000, 0x000000070ee00000|  0%| F|  |TAMS 0x000000070ec00000| PB 0x000000070ec00000| Untracked |  0
|  80|0x000000070ee00000, 0x000000070ee00000, 0x000000070f000000|  0%| F|  |TAMS 0x000000070ee00000| PB 0x000000070ee00000| Untracked |  0
|  81|0x000000070f000000, 0x000000070f000000, 0x000000070f200000|  0%| F|  |TAMS 0x000000070f000000| PB 0x000000070f000000| Untracked |  0
|  82|0x000000070f200000, 0x000000070f200000, 0x000000070f400000|  0%| F|  |TAMS 0x000000070f200000| PB 0x000000070f200000| Untracked |  0
|  83|0x000000070f400000, 0x000000070f400000, 0x000000070f600000|  0%| F|  |TAMS 0x000000070f400000| PB 0x000000070f400000| Untracked |  0
|  84|0x000000070f600000, 0x000000070f600000, 0x000000070f800000|  0%| F|  |TAMS 0x000000070f600000| PB 0x000000070f600000| Untracked |  0
|  85|0x000000070f800000, 0x000000070f800000, 0x000000070fa00000|  0%| F|  |TAMS 0x000000070f800000| PB 0x000000070f800000| Untracked |  0
|  86|0x000000070fa00000, 0x000000070fa00000, 0x000000070fc00000|  0%| F|  |TAMS 0x000000070fa00000| PB 0x000000070fa00000| Untracked |  0
|  87|0x000000070fc00000, 0x000000070fc00000, 0x000000070fe00000|  0%| F|  |TAMS 0x000000070fc00000| PB 0x000000070fc00000| Untracked |  0
|  88|0x000000070fe00000, 0x000000070fe00000, 0x0000000710000000|  0%| F|  |TAMS 0x000000070fe00000| PB 0x000000070fe00000| Untracked |  0
|  89|0x0000000710000000, 0x0000000710000000, 0x0000000710200000|  0%| F|  |TAMS 0x0000000710000000| PB 0x0000000710000000| Untracked |  0
|  90|0x0000000710200000, 0x0000000710200000, 0x0000000710400000|  0%| F|  |TAMS 0x0000000710200000| PB 0x0000000710200000| Untracked |  0
|  91|0x0000000710400000, 0x0000000710400000, 0x0000000710600000|  0%| F|  |TAMS 0x0000000710400000| PB 0x0000000710400000| Untracked |  0
|  92|0x0000000710600000, 0x0000000710600000, 0x0000000710800000|  0%| F|  |TAMS 0x0000000710600000| PB 0x0000000710600000| Untracked |  0
|  93|0x0000000710800000, 0x0000000710800000, 0x0000000710a00000|  0%| F|  |TAMS 0x0000000710800000| PB 0x0000000710800000| Untracked |  0
|  94|0x0000000710a00000, 0x0000000710a00000, 0x0000000710c00000|  0%| F|  |TAMS 0x0000000710a00000| PB 0x0000000710a00000| Untracked |  0
|  95|0x0000000710c00000, 0x0000000710c00000, 0x0000000710e00000|  0%| F|  |TAMS 0x0000000710c00000| PB 0x0000000710c00000| Untracked |  0
|  96|0x0000000710e00000, 0x0000000710e00000, 0x0000000711000000|  0%| F|  |TAMS 0x0000000710e00000| PB 0x0000000710e00000| Untracked |  0
|  97|0x0000000711000000, 0x0000000711000000, 0x0000000711200000|  0%| F|  |TAMS 0x0000000711000000| PB 0x0000000711000000| Untracked |  0
|  98|0x0000000711200000, 0x0000000711200000, 0x0000000711400000|  0%| F|  |TAMS 0x0000000711200000| PB 0x0000000711200000| Untracked |  0
|  99|0x0000000711400000, 0x00000007114cf530, 0x0000000711600000| 40%| S|CS|TAMS 0x0000000711400000| PB 0x0000000711400000| Complete |  0
| 100|0x0000000711600000, 0x0000000711800000, 0x0000000711800000|100%| S|CS|TAMS 0x0000000711600000| PB 0x0000000711600000| Complete |  0
| 101|0x0000000711800000, 0x0000000711a00000, 0x0000000711a00000|100%| S|CS|TAMS 0x0000000711800000| PB 0x0000000711800000| Complete |  0
| 102|0x0000000711a00000, 0x0000000711a00000, 0x0000000711c00000|  0%| F|  |TAMS 0x0000000711a00000| PB 0x0000000711a00000| Untracked |  0
| 103|0x0000000711c00000, 0x0000000711c00000, 0x0000000711e00000|  0%| F|  |TAMS 0x0000000711c00000| PB 0x0000000711c00000| Untracked |  0
| 104|0x0000000711e00000, 0x0000000711e00000, 0x0000000712000000|  0%| F|  |TAMS 0x0000000711e00000| PB 0x0000000711e00000| Untracked |  0
| 105|0x0000000712000000, 0x0000000712000000, 0x0000000712200000|  0%| F|  |TAMS 0x0000000712000000| PB 0x0000000712000000| Untracked |  0
| 106|0x0000000712200000, 0x0000000712200000, 0x0000000712400000|  0%| F|  |TAMS 0x0000000712200000| PB 0x0000000712200000| Untracked |  0
| 107|0x0000000712400000, 0x0000000712400000, 0x0000000712600000|  0%| F|  |TAMS 0x0000000712400000| PB 0x0000000712400000| Untracked |  0
| 108|0x0000000712600000, 0x0000000712600000, 0x0000000712800000|  0%| F|  |TAMS 0x0000000712600000| PB 0x0000000712600000| Untracked |  0
| 109|0x0000000712800000, 0x0000000712800000, 0x0000000712a00000|  0%| F|  |TAMS 0x0000000712800000| PB 0x0000000712800000| Untracked |  0
| 110|0x0000000712a00000, 0x0000000712a00000, 0x0000000712c00000|  0%| F|  |TAMS 0x0000000712a00000| PB 0x0000000712a00000| Untracked |  0
| 111|0x0000000712c00000, 0x0000000712c00000, 0x0000000712e00000|  0%| F|  |TAMS 0x0000000712c00000| PB 0x0000000712c00000| Untracked |  0
| 112|0x0000000712e00000, 0x0000000712e00000, 0x0000000713000000|  0%| F|  |TAMS 0x0000000712e00000| PB 0x0000000712e00000| Untracked |  0
| 113|0x0000000713000000, 0x0000000713000000, 0x0000000713200000|  0%| F|  |TAMS 0x0000000713000000| PB 0x0000000713000000| Untracked |  0
| 114|0x0000000713200000, 0x0000000713200000, 0x0000000713400000|  0%| F|  |TAMS 0x0000000713200000| PB 0x0000000713200000| Untracked |  0
| 115|0x0000000713400000, 0x0000000713400000, 0x0000000713600000|  0%| F|  |TAMS 0x0000000713400000| PB 0x0000000713400000| Untracked |  0
| 116|0x0000000713600000, 0x0000000713600000, 0x0000000713800000|  0%| F|  |TAMS 0x0000000713600000| PB 0x0000000713600000| Untracked |  0
| 117|0x0000000713800000, 0x0000000713800000, 0x0000000713a00000|  0%| F|  |TAMS 0x0000000713800000| PB 0x0000000713800000| Untracked |  0
| 118|0x0000000713a00000, 0x0000000713a00000, 0x0000000713c00000|  0%| F|  |TAMS 0x0000000713a00000| PB 0x0000000713a00000| Untracked |  0
| 119|0x0000000713c00000, 0x0000000713df3fa8, 0x0000000713e00000| 97%| E|  |TAMS 0x0000000713c00000| PB 0x0000000713c00000| Complete |  0
| 120|0x0000000713e00000, 0x0000000714000000, 0x0000000714000000|100%| E|CS|TAMS 0x0000000713e00000| PB 0x0000000713e00000| Complete |  0
| 121|0x0000000714000000, 0x0000000714200000, 0x0000000714200000|100%| E|CS|TAMS 0x0000000714000000| PB 0x0000000714000000| Complete |  0
| 122|0x0000000714200000, 0x0000000714400000, 0x0000000714400000|100%| E|CS|TAMS 0x0000000714200000| PB 0x0000000714200000| Complete |  0
| 123|0x0000000714400000, 0x0000000714600000, 0x0000000714600000|100%| E|CS|TAMS 0x0000000714400000| PB 0x0000000714400000| Complete |  0
| 124|0x0000000714600000, 0x0000000714800000, 0x0000000714800000|100%| E|CS|TAMS 0x0000000714600000| PB 0x0000000714600000| Complete |  0
| 125|0x0000000714800000, 0x0000000714a00000, 0x0000000714a00000|100%| E|CS|TAMS 0x0000000714800000| PB 0x0000000714800000| Complete |  0
|2008|0x00000007ffe00000, 0x00000007fff1c320, 0x0000000800000000| 55%| O|  |TAMS 0x00000007ffe00000| PB 0x00000007ffe00000| Untracked |  0

Card table byte_map: [0x000001e072080000,0x000001e072860000] _byte_map_base: 0x000001e06e859000

Marking Bits: (CMBitMap*) 0x000001e0687a60e0
 Bits: [0x000001e072860000, 0x000001e076728000)

Polling page: 0x000001e066550000

Metaspace:

Usage:
  Non-class:     15.33 MB used.
      Class:      1.68 MB used.
       Both:     17.02 MB used.

Virtual space:
  Non-class space:       64.00 MB reserved,      15.62 MB ( 24%) committed,  1 nodes.
      Class space:        1.00 GB reserved,       1.94 MB ( <1%) committed,  1 nodes.
             Both:        1.06 GB reserved,      17.56 MB (  2%) committed. 

Chunk freelists:
   Non-Class:  401.00 KB
       Class:  14.06 MB
        Both:  14.45 MB

MaxMetaspaceSize: unlimited
CompressedClassSpaceSize: 1.00 GB
Initial GC threshold: 21.00 MB
Current GC threshold: 21.00 MB
CDS: on
 - commit_granule_bytes: 65536.
 - commit_granule_words: 8192.
 - virtual_space_node_default_size: 8388608.
 - enlarge_chunks_in_place: 1.
UseCompressedClassPointers 1, UseCompactObjectHeaders 0
Narrow klass pointer bits 32, Max shift 3
Narrow klass base: 0x000001e00f000000, Narrow klass shift: 0
Encoding Range: [0x000001e00f000000 - 0x000001e10f000000), (4294967296 bytes)
Klass Range:    [0x000001e00f000000 - 0x000001e050000000), (1090519040 bytes)
Klass ID Range:  [8 - 1090519033) (1090519025)


Internal statistics:

num_allocs_failed_limit: 0.
num_arena_births: 664.
num_arena_deaths: 0.
num_vsnodes_births: 2.
num_vsnodes_deaths: 0.
num_space_committed: 281.
num_space_uncommitted: 0.
num_chunks_returned_to_freelist: 0.
num_chunks_taken_from_freelist: 837.
num_chunk_merges: 0.
num_chunk_splits: 564.
num_chunks_enlarged: 335.
num_inconsistent_stats: 0.

CodeHeap 'non-profiled nmethods': size=120064Kb used=1647Kb max_used=1647Kb free=118416Kb
 bounds [0x000001e007ac0000, 0x000001e007d30000, 0x000001e00f000000]
CodeHeap 'profiled nmethods': size=120000Kb used=7229Kb max_used=7229Kb free=112771Kb
 bounds [0x000001e000000000, 0x000001e000710000, 0x000001e007530000]
CodeHeap 'non-nmethods': size=5696Kb used=1699Kb max_used=1781Kb free=3997Kb
 bounds [0x000001e007530000, 0x000001e0077a0000, 0x000001e007ac0000]
CodeCache: size=245760Kb, used=10575Kb, max_used=10657Kb, free=235184Kb
 total_blobs=5196, nmethods=4330, adapters=758, full_count=0
Compilation: enabled, stopped_count=0, restarted_count=0

Compilation events (20 events):
Event: 62.791 Thread 0x000001e07945fa80 4322       3       java.util.AbstractSequentialList::iterator (5 bytes)
Event: 62.791 Thread 0x000001e07945fa80 nmethod 4322 0x000001e00070c488 code [0x000001e00070c600, 0x000001e00070cb68]
Event: 63.474 Thread 0x000001e07945ccd0 4323       4       jdk.internal.classfile.impl.BufWriterImpl::writeU1 (24 bytes)
Event: 63.476 Thread 0x000001e07945ccd0 nmethod 4323 0x000001e007c5b588 code [0x000001e007c5b6a0, 0x000001e007c5b948]
Event: 63.521 Thread 0x000001e07945fa80 4324   !   3       java.awt.Toolkit::setDesktopProperty (81 bytes)
Event: 63.522 Thread 0x000001e07945fa80 nmethod 4324 0x000001e00070cc08 code [0x000001e00070cda0, 0x000001e00070d6b0]
Event: 63.534 Thread 0x000001e07945ccd0 4325       4       java.awt.Component::repaint (16 bytes)
Event: 63.535 Thread 0x000001e07945ccd0 nmethod 4325 0x000001e007c5b988 code [0x000001e007c5ba80, 0x000001e007c5bb28]
Event: 63.539 Thread 0x000001e07945fa80 4326       3       com.formdev.flatlaf.FlatClientProperties::clientPropertyBoolean (25 bytes)
Event: 63.540 Thread 0x000001e07945fa80 nmethod 4326 0x000001e00070d708 code [0x000001e00070d840, 0x000001e00070dc70]
Event: 574.462 Thread 0x000001e07945fa80 4327       3       java.awt.BorderLayout::getChild (152 bytes)
Event: 574.462 Thread 0x000001e07945fa80 nmethod 4327 0x000001e00070dd08 code [0x000001e00070de40, 0x000001e00070e2c0]
Event: 574.464 Thread 0x000001e07945fa80 4328       3       com.formdev.flatlaf.icons.FlatAbstractIcon::getIconWidth (8 bytes)
Event: 574.464 Thread 0x000001e07945fa80 nmethod 4328 0x000001e00070e308 code [0x000001e00070e460, 0x000001e00070e6c0]
Event: 574.464 Thread 0x000001e07945fa80 4329       3       com.formdev.flatlaf.icons.FlatAbstractIcon::getIconHeight (8 bytes)
Event: 574.465 Thread 0x000001e07945fa80 nmethod 4329 0x000001e00070e708 code [0x000001e00070e860, 0x000001e00070eac0]
Event: 574.467 Thread 0x000001e07945fa80 4330       3       java.awt.Component::getSize (5 bytes)
Event: 574.468 Thread 0x000001e07945fa80 nmethod 4330 0x000001e00070eb08 code [0x000001e00070ec40, 0x000001e00070efa8]
Event: 574.468 Thread 0x000001e07945fa80 4331       3       java.awt.Component::size (16 bytes)
Event: 574.468 Thread 0x000001e07945fa80 nmethod 4331 0x000001e00070f008 code [0x000001e00070f140, 0x000001e00070f3d0]

GC Heap History (2 events):
Event: 24.726 GC heap before
{Heap before GC invocations=0 (full 0):
 garbage-first heap   total reserved 4114432K, committed 260096K, used 56432K [0x0000000704e00000, 0x0000000800000000)
  region size 2048K, 24 young (49152K), 0 survivors (0K)
 Metaspace       used 17034K, committed 17664K, reserved 1114112K
  class space    used 1717K, committed 1984K, reserved 1048576K
}
Event: 24.735 GC heap after
{Heap after GC invocations=1 (full 0):
 garbage-first heap   total reserved 4114432K, committed 260096K, used 12206K [0x0000000704e00000, 0x0000000800000000)
  region size 2048K, 3 young (6144K), 3 survivors (6144K)
 Metaspace       used 17034K, committed 17664K, reserved 1114112K
  class space    used 1717K, committed 1984K, reserved 1048576K
}

Dll operation events (16 events):
Event: 0.007 Loaded shared library C:\Users\saida\.jdks\temurin-24.0.2\bin\java.dll
Event: 0.031 Loaded shared library C:\Users\saida\.jdks\temurin-24.0.2\bin\jsvml.dll
Event: 0.057 Loaded shared library C:\Users\saida\.jdks\temurin-24.0.2\bin\zip.dll
Event: 0.059 Loaded shared library C:\Users\saida\.jdks\temurin-24.0.2\bin\instrument.dll
Event: 0.062 Loaded shared library C:\Users\saida\.jdks\temurin-24.0.2\bin\net.dll
Event: 0.064 Loaded shared library C:\Users\saida\.jdks\temurin-24.0.2\bin\nio.dll
Event: 0.068 Loaded shared library C:\Users\saida\.jdks\temurin-24.0.2\bin\zip.dll
Event: 0.087 Loaded shared library C:\Users\saida\.jdks\temurin-24.0.2\bin\extnet.dll
Event: 0.088 Loaded shared library C:\Users\saida\.jdks\temurin-24.0.2\bin\jimage.dll
Event: 0.095 Loaded shared library C:\Users\saida\.jdks\temurin-24.0.2\bin\awt.dll
Event: 0.219 Loaded shared library C:\Users\saida\.jdks\temurin-24.0.2\bin\freetype.dll
Event: 0.220 Loaded shared library C:\Users\saida\.jdks\temurin-24.0.2\bin\fontmanager.dll
Event: 0.419 Loaded shared library C:\Users\saida\AppData\Local\Temp\flatlaf.temp\flatlaf-windows-x86_64-148068375227000.dll
Event: 1.689 Loaded shared library C:\Users\saida\.jdks\temurin-24.0.2\bin\verify.dll
Event: 1.790 Loaded shared library C:\Windows\System32\ucrtbase.dll
Event: 1.791 Loaded shared library C:\Users\saida\.jdks\temurin-24.0.2\bin\syslookup.dll

Deoptimization events (20 events):
Event: 62.789 Thread 0x000001e0548df070 Uncommon trap: trap_request=0xffffffc6 fr.pc=0x000001e007bee9d4 relative=0x0000000000000314
Event: 62.789 Thread 0x000001e0548df070 Uncommon trap: reason=bimorphic_or_optimized_type_check action=maybe_recompile pc=0x000001e007bee9d4 method=javax.swing.ArrayTable.get(Ljava/lang/Object;)Ljava/lang/Object; @ 41 c2
Event: 62.789 Thread 0x000001e0548df070 DEOPT PACKING pc=0x000001e007bee9d4 sp=0x000000a6389fe9a0
Event: 62.789 Thread 0x000001e0548df070 DEOPT UNPACKING pc=0x000001e007646b82 sp=0x000000a6389fe930 mode 2
Event: 62.789 Thread 0x000001e0548df070 Uncommon trap: trap_request=0xffffffc6 fr.pc=0x000001e007bee9d4 relative=0x0000000000000314
Event: 62.789 Thread 0x000001e0548df070 Uncommon trap: reason=bimorphic_or_optimized_type_check action=maybe_recompile pc=0x000001e007bee9d4 method=javax.swing.ArrayTable.get(Ljava/lang/Object;)Ljava/lang/Object; @ 41 c2
Event: 62.789 Thread 0x000001e0548df070 DEOPT PACKING pc=0x000001e007bee9d4 sp=0x000000a6389fea10
Event: 62.789 Thread 0x000001e0548df070 DEOPT UNPACKING pc=0x000001e007646b82 sp=0x000000a6389fe9a0 mode 2
Event: 62.789 Thread 0x000001e0548df070 Uncommon trap: trap_request=0xffffffc6 fr.pc=0x000001e007bee9d4 relative=0x0000000000000314
Event: 62.789 Thread 0x000001e0548df070 Uncommon trap: reason=bimorphic_or_optimized_type_check action=maybe_recompile pc=0x000001e007bee9d4 method=javax.swing.ArrayTable.get(Ljava/lang/Object;)Ljava/lang/Object; @ 41 c2
Event: 62.789 Thread 0x000001e0548df070 DEOPT PACKING pc=0x000001e007bee9d4 sp=0x000000a6389fe9a0
Event: 62.789 Thread 0x000001e0548df070 DEOPT UNPACKING pc=0x000001e007646b82 sp=0x000000a6389fe930 mode 2
Event: 63.538 Thread 0x000001e0548df070 Uncommon trap: trap_request=0xffffff4d fr.pc=0x000001e007c35200 relative=0x0000000000001ac0
Event: 63.538 Thread 0x000001e0548df070 Uncommon trap: reason=unstable_if action=reinterpret pc=0x000001e007c35200 method=sun.java2d.marlin.TransformingPathConsumer2D$PathClipFilter.closePath()V @ 9 c2
Event: 63.538 Thread 0x000001e0548df070 DEOPT PACKING pc=0x000001e007c35200 sp=0x000000a6389fd8b0
Event: 63.538 Thread 0x000001e0548df070 DEOPT UNPACKING pc=0x000001e007646b82 sp=0x000000a6389fd858 mode 2
Event: 63.538 Thread 0x000001e0548df070 Uncommon trap: trap_request=0xffffff4d fr.pc=0x000001e007c26cc8 relative=0x00000000000001a8
Event: 63.538 Thread 0x000001e0548df070 Uncommon trap: reason=unstable_if action=reinterpret pc=0x000001e007c26cc8 method=sun.java2d.pipe.Region.getIntersectionXYXY(IIII)Lsun/java2d/pipe/Region; @ 55 c2
Event: 63.538 Thread 0x000001e0548df070 DEOPT PACKING pc=0x000001e007c26cc8 sp=0x000000a6389feba0
Event: 63.538 Thread 0x000001e0548df070 DEOPT UNPACKING pc=0x000001e007646b82 sp=0x000000a6389feb08 mode 2

Classes loaded (20 events):
Event: 6.048 Loading class java/awt/Event
Event: 6.048 Loading class java/awt/Event done
Event: 7.640 Loading class javax/swing/JToggleButton$1
Event: 7.640 Loading class javax/swing/JToggleButton$1 done
Event: 24.718 Loading class java/awt/font/TextHitInfo
Event: 24.719 Loading class java/awt/font/TextHitInfo done
Event: 24.719 Loading class javax/swing/text/ComponentView
Event: 24.719 Loading class javax/swing/text/ComponentView done
Event: 24.723 Loading class javax/swing/text/GlyphPainter1
Event: 24.723 Loading class javax/swing/text/GlyphPainter1 done
Event: 24.723 Loading class javax/swing/text/ParagraphView$Row
Event: 24.724 Loading class javax/swing/text/ParagraphView$Row done
Event: 30.207 Loading class javax/swing/JSpinner$DateEditor
Event: 30.208 Loading class javax/swing/JSpinner$DateEditor done
Event: 62.786 Loading class sun/awt/DebugSettings
Event: 62.787 Loading class sun/awt/DebugSettings done
Event: 62.789 Loading class javax/swing/JComponent$KeyboardState
Event: 62.789 Loading class javax/swing/JComponent$KeyboardState done
Event: 62.789 Loading class javax/swing/JComponent$IntVector
Event: 62.789 Loading class javax/swing/JComponent$IntVector done

Classes unloaded (0 events):
No events

Classes redefined (0 events):
No events

Internal exceptions (20 events):
Event: 1.873 Thread 0x000001e0548df070 Exception <a 'java/lang/NoSuchMethodError'{0x000000071287deb0}: 'void java.lang.invoke.DelegatingMethodHandle$Holder.delegate(java.lang.Object, java.lang.Object, int, java.lang.Object)'> (0x000000071287deb0) 
thrown [s\src\hotspot\share\interpreter\linkResolver.cpp, line 805]
Event: 1.876 Thread 0x000001e0548df070 Exception <a 'java/lang/NoSuchMethodError'{0x00000007128bf9a8}: 'int java.lang.invoke.DirectMethodHandle$Holder.invokeSpecial(java.lang.Object, java.lang.Object, java.lang.Object, int, java.lang.Object)'> (0x00000007128bf9a8) 
thrown [s\src\hotspot\share\interpreter\linkResolver.cpp, line 805]
Event: 1.876 Thread 0x000001e0548df070 Exception <a 'java/lang/NoSuchMethodError'{0x00000007128c8058}: 'int java.lang.invoke.DelegatingMethodHandle$Holder.reinvoke_L(java.lang.Object, java.lang.Object, int, java.lang.Object)'> (0x00000007128c8058) 
thrown [s\src\hotspot\share\interpreter\linkResolver.cpp, line 805]
Event: 1.877 Thread 0x000001e0548df070 Exception <a 'java/lang/NoSuchMethodError'{0x00000007128f29b0}: 'int java.lang.invoke.DelegatingMethodHandle$Holder.reinvoke_L(java.lang.Object, java.lang.Object, int, long)'> (0x00000007128f29b0) 
thrown [s\src\hotspot\share\interpreter\linkResolver.cpp, line 805]
Event: 1.878 Thread 0x000001e0548df070 Exception <a 'java/lang/NoSuchMethodError'{0x0000000712903240}: 'int java.lang.invoke.DirectMethodHandle$Holder.invokeSpecial(java.lang.Object, java.lang.Object, int, long)'> (0x0000000712903240) 
thrown [s\src\hotspot\share\interpreter\linkResolver.cpp, line 805]
Event: 1.878 Thread 0x000001e0548df070 Exception <a 'java/lang/NoSuchMethodError'{0x000000071290b7a0}: 'int java.lang.invoke.Invokers$Holder.exactInvoker(java.lang.Object, java.lang.Object, int, long)'> (0x000000071290b7a0) 
thrown [s\src\hotspot\share\interpreter\linkResolver.cpp, line 805]
Event: 1.878 Thread 0x000001e0548df070 Exception <a 'java/lang/NoSuchMethodError'{0x0000000712914198}: 'int java.lang.invoke.DelegatingMethodHandle$Holder.delegate(java.lang.Object, java.lang.Object, int, long)'> (0x0000000712914198) 
thrown [s\src\hotspot\share\interpreter\linkResolver.cpp, line 805]
Event: 1.878 Thread 0x000001e0548df070 Exception <a 'java/lang/NoSuchMethodError'{0x0000000712925bf0}: 'long java.lang.invoke.DirectMethodHandle$Holder.invokeSpecial(java.lang.Object, java.lang.Object, long, long)'> (0x0000000712925bf0) 
thrown [s\src\hotspot\share\interpreter\linkResolver.cpp, line 805]
Event: 1.881 Thread 0x000001e0548df070 Exception <a 'java/lang/NoSuchMethodError'{0x0000000712960f98}: 'void java.lang.invoke.DirectMethodHandle$Holder.invokeSpecial(java.lang.Object, java.lang.Object, float, java.lang.Object, java.lang.Object, java.lang.Object, int, int, int, int, int, float, float, int, int, java.lang.Object, java.lang.Object)'> (0x0000000712960f98) 
thrown [s\src\hotspot\share\interpreter\linkResolver.cpp, line 805]
Event: 1.882 Thread 0x000001e0548df070 Exception <a 'java/lang/NoSuchMethodError'{0x0000000712982ec8}: 'int java.lang.invoke.DirectMethodHandle$Holder.invokeSpecial(java.lang.Object, java.lang.Object, int, java.lang.Object)'> (0x0000000712982ec8) 
thrown [s\src\hotspot\share\interpreter\linkResolver.cpp, line 805]
Event: 1.882 Thread 0x000001e0548df070 Exception <a 'java/lang/NoSuchMethodError'{0x0000000712993210}: 'java.lang.Object java.lang.invoke.Invokers$Holder.invokeExact_MT(java.lang.Object, long, java.lang.Object)'> (0x0000000712993210) 
thrown [s\src\hotspot\share\interpreter\linkResolver.cpp, line 805]
Event: 1.885 Thread 0x000001e0548df070 Exception <a 'java/lang/NoSuchMethodError'{0x00000007129cf5c0}: 'void java.lang.invoke.DelegatingMethodHandle$Holder.reinvoke_L(java.lang.Object, java.lang.Object, java.lang.Object, java.lang.Object, long, long, long)'> (0x00000007129cf5c0) 
thrown [s\src\hotspot\share\interpreter\linkResolver.cpp, line 805]
Event: 1.886 Thread 0x000001e0548df070 Exception <a 'java/lang/NoSuchMethodError'{0x00000007129f89c8}: 'java.lang.Object java.lang.invoke.DirectMethodHandle$Holder.invokeStatic(java.lang.Object, java.lang.Object, java.lang.Object, java.lang.Object, java.lang.Object, java.lang.Object, long)'> (0x00000007129f89c8) 
thrown [s\src\hotspot\share\interpreter\linkResolver.cpp, line 805]
Event: 1.890 Thread 0x000001e0548df070 Exception <a 'java/lang/NoSuchMethodError'{0x0000000712657928}: 'void java.lang.invoke.DelegatingMethodHandle$Holder.reinvoke_L(java.lang.Object, java.lang.Object, java.lang.Object, java.lang.Object, long, long, int)'> (0x0000000712657928) 
thrown [s\src\hotspot\share\interpreter\linkResolver.cpp, line 805]
Event: 1.891 Thread 0x000001e0548df070 Exception <a 'java/lang/NoSuchMethodError'{0x0000000712678970}: 'int java.lang.invoke.Invokers$Holder.invokeExact_MT(java.lang.Object, java.lang.Object, java.lang.Object, int, java.lang.Object, java.lang.Object)'> (0x0000000712678970) 
thrown [s\src\hotspot\share\interpreter\linkResolver.cpp, line 805]
Event: 1.894 Thread 0x000001e0548df070 Exception <a 'java/lang/NoSuchMethodError'{0x00000007126a33b0}: 'int java.lang.invoke.DelegatingMethodHandle$Holder.reinvoke_L(java.lang.Object, java.lang.Object, java.lang.Object, java.lang.Object, long, long)'> (0x00000007126a33b0) 
thrown [s\src\hotspot\share\interpreter\linkResolver.cpp, line 805]
Event: 1.895 Thread 0x000001e0548df070 Exception <a 'java/lang/NoSuchMethodError'{0x00000007126cbb18}: 'java.lang.Object java.lang.invoke.DirectMethodHandle$Holder.invokeStatic(java.lang.Object, java.lang.Object, java.lang.Object, java.lang.Object, java.lang.Object, long, java.lang.Object)'> (0x00000007126cbb18) 
thrown [s\src\hotspot\share\interpreter\linkResolver.cpp, line 805]
Event: 3.761 Thread 0x000001e0548df070 Exception <a 'java/lang/NoSuchMethodError'{0x0000000712221248}: 'java.lang.Object java.lang.invoke.DirectMethodHandle$Holder.invokeVirtual(java.lang.Object, java.lang.Object, java.lang.Object, java.lang.Object, int, int, int)'> (0x0000000712221248) 
thrown [s\src\hotspot\share\interpreter\linkResolver.cpp, line 805]
Event: 3.761 Thread 0x000001e0548df070 Exception <a 'java/lang/NoSuchMethodError'{0x0000000712229d60}: 'java.lang.Object java.lang.invoke.DirectMethodHandle$Holder.invokeSpecial(java.lang.Object, java.lang.Object, java.lang.Object, java.lang.Object, java.lang.Object, int, int, int)'> (0x0000000712229d60) 
thrown [s\src\hotspot\share\interpreter\linkResolver.cpp, line 805]
Event: 3.761 Thread 0x000001e0548df070 Exception <a 'java/lang/NoSuchMethodError'{0x0000000712232078}: 'java.lang.Object java.lang.invoke.Invokers$Holder.invoke_MT(java.lang.Object, java.lang.Object, java.lang.Object, java.lang.Object, int, int, int, java.lang.Object)'> (0x0000000712232078) 
thrown [s\src\hotspot\share\interpreter\linkResolver.cpp, line 805]

VM Operations (20 events):
Event: 1.750 Executing VM operation: HandshakeAllThreads (Deoptimize)
Event: 1.750 Executing VM operation: HandshakeAllThreads (Deoptimize) done
Event: 1.788 Executing VM operation: HandshakeAllThreads (Deoptimize)
Event: 1.788 Executing VM operation: HandshakeAllThreads (Deoptimize) done
Event: 1.824 Executing VM operation: HandshakeAllThreads (Deoptimize)
Event: 1.824 Executing VM operation: HandshakeAllThreads (Deoptimize) done
Event: 1.872 Executing VM operation: HandshakeAllThreads (Deoptimize)
Event: 1.872 Executing VM operation: HandshakeAllThreads (Deoptimize) done
Event: 1.875 Executing VM operation: HandshakeAllThreads (Deoptimize)
Event: 1.875 Executing VM operation: HandshakeAllThreads (Deoptimize) done
Event: 24.726 Executing VM operation: G1CollectForAllocation (G1 Evacuation Pause)
Event: 24.735 Executing VM operation: G1CollectForAllocation (G1 Evacuation Pause) done
Event: 60.189 Executing VM operation: HandshakeAllThreads (HandshakeForDeflation)
Event: 60.189 Executing VM operation: HandshakeAllThreads (HandshakeForDeflation) done
Event: 60.189 Executing VM operation: RendezvousGCThreads
Event: 60.189 Executing VM operation: RendezvousGCThreads done
Event: 120.307 Executing VM operation: HandshakeAllThreads (HandshakeForDeflation)
Event: 120.307 Executing VM operation: HandshakeAllThreads (HandshakeForDeflation) done
Event: 120.307 Executing VM operation: RendezvousGCThreads
Event: 120.307 Executing VM operation: RendezvousGCThreads done

Memory protections (0 events):
No events

Nmethod flushes (0 events):
No events

Events (20 events):
Event: 0.127 Thread 0x000001e06873e140 Thread added: 0x000001e054756920
Event: 0.127 Thread 0x000001e06873e140 Thread added: 0x000001e0547584a0
Event: 0.128 Thread 0x000001e06873e140 Thread added: 0x000001e05476e3a0
Event: 0.275 Thread 0x000001e06873e140 Thread added: 0x000001e0548df070
Event: 0.276 Thread 0x000001e06873e140 Thread exited: 0x000001e06873e140
Event: 0.276 Thread 0x000001e06873e140 Thread added: 0x000001e06873e140
Event: 0.766 Thread 0x000001e0541d7b90 Thread exited: 0x000001e0541d7b90
Event: 1.659 Thread 0x000001e07945ccd0 Thread added: 0x000001e05562d070
Event: 1.673 Thread 0x000001e0548df070 Thread added: 0x000001e05570ae40
Event: 1.753 Thread 0x000001e0548df070 Thread added: 0x000001e05576da90
Event: 2.058 Thread 0x000001e07945fa80 Thread added: 0x000001e055932ac0
Event: 2.249 Thread 0x000001e055932ac0 Thread exited: 0x000001e055932ac0
Event: 2.249 Thread 0x000001e05562d070 Thread exited: 0x000001e05562d070
Event: 6.047 Thread 0x000001e07945fa80 Thread added: 0x000001e05412c550
Event: 6.583 Thread 0x000001e05412c550 Thread exited: 0x000001e05412c550
Event: 6.756 Thread 0x000001e05576da90 Thread exited: 0x000001e05576da90
Event: 18.165 Thread 0x000001e07945fa80 Thread added: 0x000001e055d3f8f0
Event: 19.320 Thread 0x000001e055d3f8f0 Thread exited: 0x000001e055d3f8f0
Event: 24.744 Thread 0x000001e07945fa80 Thread added: 0x000001e05624c8b0
Event: 25.833 Thread 0x000001e05624c8b0 Thread exited: 0x000001e05624c8b0


Dynamic libraries:
0x00007ff776a90000 - 0x00007ff776a9e000 	C:\Users\saida\.jdks\temurin-24.0.2\bin\java.exe
0x00007ffa9be40000 - 0x00007ffa9c0a7000 	C:\WINDOWS\SYSTEM32\ntdll.dll
0x00007ffa99c50000 - 0x00007ffa99d19000 	C:\WINDOWS\System32\KERNEL32.DLL
0x00007ffa98ca0000 - 0x00007ffa99097000 	C:\WINDOWS\System32\KERNELBASE.dll
0x00007ffa989b0000 - 0x00007ffa98afb000 	C:\WINDOWS\System32\ucrtbase.dll
0x00007ffa93a10000 - 0x00007ffa93a2e000 	C:\Users\saida\.jdks\temurin-24.0.2\bin\VCRUNTIME140.dll
0x00007ffa95b40000 - 0x00007ffa95b56000 	C:\Users\saida\.jdks\temurin-24.0.2\bin\jli.dll
0x00007ffa9b940000 - 0x00007ffa9bb06000 	C:\WINDOWS\System32\USER32.dll
0x00007ffa7b300000 - 0x00007ffa7b592000 	C:\WINDOWS\WinSxS\amd64_microsoft.windows.common-controls_6595b64144ccf1df_6.0.26100.8457_none_3e0b2faee331e92d\COMCTL32.dll
0x00007ffa98bc0000 - 0x00007ffa98be7000 	C:\WINDOWS\System32\win32u.dll
0x00007ffa9b280000 - 0x00007ffa9b329000 	C:\WINDOWS\System32\msvcrt.dll
0x00007ffa99f80000 - 0x00007ffa99fab000 	C:\WINDOWS\System32\GDI32.dll
0x00007ffa99a90000 - 0x00007ffa99bbc000 	C:\WINDOWS\System32\gdi32full.dll
0x00007ffa98900000 - 0x00007ffa989a3000 	C:\WINDOWS\System32\msvcp_win.dll
0x00007ffa9b5b0000 - 0x00007ffa9b5e2000 	C:\WINDOWS\System32\IMM32.DLL
0x00007ffa95ab0000 - 0x00007ffa95abc000 	C:\Users\saida\.jdks\temurin-24.0.2\bin\vcruntime140_1.dll
0x00007ffa85be0000 - 0x00007ffa85c6d000 	C:\Users\saida\.jdks\temurin-24.0.2\bin\msvcp140.dll
0x00007ffa0c190000 - 0x00007ffa0cffc000 	C:\Users\saida\.jdks\temurin-24.0.2\bin\server\jvm.dll
0x00007ffa9b470000 - 0x00007ffa9b526000 	C:\WINDOWS\System32\ADVAPI32.dll
0x00007ffa9bd50000 - 0x00007ffa9bdf7000 	C:\WINDOWS\System32\sechost.dll
0x00007ffa99d40000 - 0x00007ffa99e58000 	C:\WINDOWS\System32\RPCRT4.dll
0x00007ffa99bc0000 - 0x00007ffa99c40000 	C:\WINDOWS\System32\WS2_32.dll
0x00007ffa986d0000 - 0x00007ffa9872e000 	C:\WINDOWS\SYSTEM32\POWRPROF.dll
0x00007ffa92f70000 - 0x00007ffa92fa6000 	C:\WINDOWS\SYSTEM32\WINMM.dll
0x00007ffa85100000 - 0x00007ffa8510b000 	C:\WINDOWS\SYSTEM32\VERSION.dll
0x00007ffa986b0000 - 0x00007ffa986c4000 	C:\WINDOWS\SYSTEM32\UMPDC.dll
0x00007ffa97600000 - 0x00007ffa9761b000 	C:\WINDOWS\SYSTEM32\kernel.appcore.dll
0x00007ffa939b0000 - 0x00007ffa939ba000 	C:\Users\saida\.jdks\temurin-24.0.2\bin\jimage.dll
0x00007ffa966a0000 - 0x00007ffa968e2000 	C:\WINDOWS\SYSTEM32\DBGHELP.DLL
0x00007ffa9aef0000 - 0x00007ffa9b273000 	C:\WINDOWS\System32\combase.dll
0x00007ffa9b330000 - 0x00007ffa9b409000 	C:\WINDOWS\System32\OLEAUT32.dll
0x00007ffa80380000 - 0x00007ffa803bb000 	C:\WINDOWS\SYSTEM32\dbgcore.DLL
0x00007ffa98bf0000 - 0x00007ffa98c98000 	C:\WINDOWS\System32\bcryptPrimitives.dll
0x00007ffa93980000 - 0x00007ffa9398f000 	C:\Users\saida\.jdks\temurin-24.0.2\bin\instrument.dll
0x00007ffa93990000 - 0x00007ffa939ae000 	C:\Users\saida\.jdks\temurin-24.0.2\bin\java.dll
0x00007ffa9b710000 - 0x00007ffa9b8a7000 	C:\WINDOWS\System32\ole32.dll
0x00007ffa9a770000 - 0x00007ffa9aede000 	C:\WINDOWS\System32\SHELL32.dll
0x00007ffa990a0000 - 0x00007ffa9990c000 	C:\WINDOWS\System32\windows.storage.dll
0x00007ffa99e80000 - 0x00007ffa99f76000 	C:\WINDOWS\System32\SHCORE.dll
0x00007ffa9b620000 - 0x00007ffa9b686000 	C:\WINDOWS\System32\shlwapi.dll
0x00007ffa98790000 - 0x00007ffa987b9000 	C:\WINDOWS\SYSTEM32\profapi.dll
0x00007ffa686c0000 - 0x00007ffa68797000 	C:\Users\saida\.jdks\temurin-24.0.2\bin\jsvml.dll
0x00007ffa877f0000 - 0x00007ffa87807000 	C:\Users\saida\.jdks\temurin-24.0.2\bin\zip.dll
0x00007ffa93940000 - 0x00007ffa93950000 	C:\Users\saida\.jdks\temurin-24.0.2\bin\net.dll
0x00007ffa97b70000 - 0x00007ffa97bdc000 	C:\WINDOWS\system32\mswsock.dll
0x00007ffa8ed40000 - 0x00007ffa8ed56000 	C:\Users\saida\.jdks\temurin-24.0.2\bin\nio.dll
0x00007ffa93930000 - 0x00007ffa93939000 	C:\Users\saida\.jdks\temurin-24.0.2\bin\extnet.dll
0x00007ffa51cd0000 - 0x00007ffa51e4e000 	C:\Users\saida\.jdks\temurin-24.0.2\bin\awt.dll
0x00007ffa95ba0000 - 0x00007ffa95c40000 	C:\WINDOWS\SYSTEM32\apphelp.dll
0x00007ffa95dd0000 - 0x00007ffa95e7a000 	C:\WINDOWS\system32\uxtheme.dll
0x00007ffa99fb0000 - 0x00007ffa9a10c000 	C:\WINDOWS\System32\MSCTF.dll
0x00007ffa96050000 - 0x00007ffa9607f000 	C:\WINDOWS\system32\DWMAPI.DLL
0x00007ffa67f10000 - 0x00007ffa67f97000 	C:\Users\saida\.jdks\temurin-24.0.2\bin\freetype.dll
0x00007ffa65ec0000 - 0x00007ffa65fa9000 	C:\Users\saida\.jdks\temurin-24.0.2\bin\fontmanager.dll
0x00007ffa14250000 - 0x00007ffa1435f000 	C:\WINDOWS\system32\opengl32.dll
0x00007ffa85160000 - 0x00007ffa8518d000 	C:\WINDOWS\SYSTEM32\GLU32.dll
0x00007ffa960c0000 - 0x00007ffa96105000 	C:\WINDOWS\SYSTEM32\dxcore.dll
0x00007ffa877a0000 - 0x00007ffa877a6000 	C:\Users\saida\AppData\Local\Temp\flatlaf.temp\flatlaf-windows-x86_64-148068375227000.dll
0x00007ffa876e0000 - 0x00007ffa876e7000 	C:\Users\saida\.jdks\temurin-24.0.2\bin\jawt.dll
0x00007ffa83b40000 - 0x00007ffa83c86000 	C:\WINDOWS\SYSTEM32\textinputframework.dll
0x00007ffa95500000 - 0x00007ffa95627000 	C:\WINDOWS\SYSTEM32\CoreMessaging.dll
0x00007ffa91380000 - 0x00007ffa91662000 	C:\WINDOWS\SYSTEM32\CoreUIComponents.dll
0x00007ffa91f30000 - 0x00007ffa9209a000 	C:\WINDOWS\SYSTEM32\wintypes.dll
0x00007ffa97e50000 - 0x00007ffa97e5c000 	C:\WINDOWS\SYSTEM32\CRYPTBASE.DLL
0x00007ffa863e0000 - 0x00007ffa863f0000 	C:\Users\saida\.jdks\temurin-24.0.2\bin\verify.dll
0x00007ffa863a0000 - 0x00007ffa863a9000 	C:\Users\saida\.jdks\temurin-24.0.2\bin\syslookup.dll
0x00007ffa9a220000 - 0x00007ffa9a2ce000 	C:\WINDOWS\System32\clbcatq.dll
0x00007ffa94060000 - 0x00007ffa9428d000 	C:\WINDOWS\SYSTEM32\WindowsCodecs.dll
0x00007ffa43600000 - 0x00007ffa4365a000 	C:\WINDOWS\system32\dataexchange.dll
0x00007ffa889a0000 - 0x00007ffa88bee000 	C:\WINDOWS\system32\twinapi.appcore.dll
0x00007ffa8ef30000 - 0x00007ffa8efaf000 	C:\WINDOWS\system32\Ninput.dll

JVMTI agents:
C:\Program Files\JetBrains\IntelliJ IDEA Community Edition 2025.1.1.1\lib\idea_rt.jar path:C:\Users\saida\.jdks\temurin-24.0.2\bin\instrument.dll, loaded, initialized, instrumentlib options:59925

dbghelp: loaded successfully - version: 4.0.5 - missing functions: none
symbol engine: initialized successfully - sym options: 0x614 - pdb path: .;C:\Users\saida\.jdks\temurin-24.0.2\bin;C:\WINDOWS\SYSTEM32;C:\WINDOWS\WinSxS\amd64_microsoft.windows.common-controls_6595b64144ccf1df_6.0.26100.8457_none_3e0b2faee331e92d;C:\Users\saida\.jdks\temurin-24.0.2\bin\server;C:\Users\saida\AppData\Local\Temp\flatlaf.temp

VM Arguments:
jvm_args: -javaagent:C:\Program Files\JetBrains\IntelliJ IDEA Community Edition 2025.1.1.1\lib\idea_rt.jar=59925 -Dfile.encoding=UTF-8 -Dsun.stdout.encoding=UTF-8 -Dsun.stderr.encoding=UTF-8 
java_command: Main
java_class_path (initial): C:\Users\saida\OneDrive\Desktop\Almayda-Restaurant-System\out\production\Almayda-Restaurant-System;C:\Users\saida\OneDrive\Desktop\Almayda-Restaurant-System\lib\flatlaf-3.5.1.jar;C:\Users\saida\OneDrive\Desktop\Almayda-Restaurant-System\jcalendar-1.4\lib\jcalendar-1.4.jar
Launcher Type: SUN_STANDARD

[Global flags]
     intx CICompilerCount                          = 4                                         {product} {ergonomic}
     uint ConcGCThreads                            = 3                                         {product} {ergonomic}
     uint G1ConcRefinementThreads                  = 10                                        {product} {ergonomic}
   size_t G1HeapRegionSize                         = 2097152                                   {product} {ergonomic}
   size_t InitialHeapSize                          = 264241152                                 {product} {ergonomic}
   size_t MarkStackSize                            = 4194304                                   {product} {ergonomic}
   size_t MarkStackSizeMax                         = 536870912                                 {product} {ergonomic}
   size_t MaxHeapSize                              = 4213178368                                {product} {ergonomic}
   size_t MaxNewSize                               = 2527068160                                {product} {ergonomic}
   size_t MinHeapDeltaBytes                        = 2097152                                   {product} {ergonomic}
   size_t MinHeapSize                              = 8388608                                   {product} {ergonomic}
    uintx NonNMethodCodeHeapSize                   = 5832704                                {pd product} {ergonomic}
    uintx NonProfiledCodeHeapSize                  = 122945536                              {pd product} {ergonomic}
    uintx ProfiledCodeHeapSize                     = 122880000                              {pd product} {ergonomic}
    uintx ReservedCodeCacheSize                    = 251658240                              {pd product} {ergonomic}
     bool SegmentedCodeCache                       = true                                      {product} {ergonomic}
   size_t SoftMaxHeapSize                          = 4213178368                             {manageable} {ergonomic}
     bool UseCompressedOops                        = true                           {product lp64_product} {ergonomic}
     bool UseG1GC                                  = true                                      {product} {ergonomic}
     bool UseLargePagesIndividualAllocation        = false                                  {pd product} {ergonomic}

Logging:
Log output configuration:
 #0: stdout all=warning uptime,level,tags foldmultilines=false
 #1: stderr all=off uptime,level,tags foldmultilines=false

Environment Variables:
PATH=C:\app\saida\product\21c\dbhomeXE\bin;C:\WINDOWS\system32;C:\WINDOWS;C:\WINDOWS\System32\Wbem;C:\WINDOWS\System32\WindowsPowerShell\v1.0\;C:\WINDOWS\System32\OpenSSH\;C:\Program Files\dotnet\;C:\Program Files\Git\cmd;C:\Users\saida\AppData\Local\Programs\Python\Python313\Scripts\;C:\Users\saida\AppData\Local\Programs\Python\Python313\;C:\Users\saida\AppData\Local\Microsoft\WindowsApps;C:\Users\saida\AppData\Local\Programs\Microsoft VS Code\bin;C:\Program Files\JetBrains\IntelliJ IDEA 2024.2.1\bin;;
USERNAME=saida
OS=Windows_NT
PROCESSOR_IDENTIFIER=Intel64 Family 6 Model 186 Stepping 3, GenuineIntel
TMP=C:\Users\saida\AppData\Local\Temp
TEMP=C:\Users\saida\AppData\Local\Temp




Periodic native trim disabled

---------------  S Y S T E M  ---------------

OS:
 Windows 11 , 64 bit Build 26100 (10.0.26100.8328)
OS uptime: 0 days 4:16 hours
Hyper-V role detected

CPU: total 12 (initial active 12) (6 cores per cpu, 2 threads per core) family 6 model 186 stepping 3 microcode 0x6134, cx8, cmov, fxsr, ht, mmx, 3dnowpref, sse, sse2, sse3, ssse3, sse4.1, sse4.2, popcnt, lzcnt, tsc, tscinvbit, avx, avx2, aes, erms, clmul, bmi1, bmi2, adx, sha, fma, vzeroupper, clflush, clflushopt, clwb, hv, serialize, rdtscp, rdpid, fsrm, gfni, f16c, cet_ibt, cet_ss
Processor Information for processor 0
  Max Mhz: 1700, Current Mhz: 1700, Mhz Limit: 1700
Processor Information for processor 1
  Max Mhz: 1700, Current Mhz: 1700, Mhz Limit: 1700
Processor Information for processor 2
  Max Mhz: 1700, Current Mhz: 1700, Mhz Limit: 1700
Processor Information for processor 3
  Max Mhz: 1700, Current Mhz: 1700, Mhz Limit: 1700
Processor Information for processor 4
  Max Mhz: 1700, Current Mhz: 1558, Mhz Limit: 1700
Processor Information for processor 5
  Max Mhz: 1700, Current Mhz: 1558, Mhz Limit: 1700
Processor Information for processor 6
  Max Mhz: 1700, Current Mhz: 1700, Mhz Limit: 1700
Processor Information for processor 7
  Max Mhz: 1700, Current Mhz: 1700, Mhz Limit: 1700
Processor Information for processor 8
  Max Mhz: 1700, Current Mhz: 1700, Mhz Limit: 1700
Processor Information for processor 9
  Max Mhz: 1700, Current Mhz: 1700, Mhz Limit: 1700
Processor Information for processor 10
  Max Mhz: 1700, Current Mhz: 1700, Mhz Limit: 1700
Processor Information for processor 11
  Max Mhz: 1700, Current Mhz: 1558, Mhz Limit: 1700

Memory: 4k page, system-wide physical 16068M (2249M free)
TotalPageFile size 22494M (AvailPageFile size 1546M)
current process WorkingSet (physical memory assigned to process): 155M, peak: 158M
current process commit charge ("private bytes"): 383M, peak: 400M

vm_info: OpenJDK 64-Bit Server VM (24.0.2+12) for windows-amd64 JRE (24.0.2+12), built on 2025-07-15T00:00:00Z with MS VC++ 17.7 (VS2022)

END.
